Archive member included to satisfy reference by file (symbol)

C:/ST/STM32CubeIDE_1.17.0/STM32CubeIDE/plugins/com.st.stm32cube.ide.mcu.externaltools.gnu-tools-for-stm32.12.3.rel1.win32_1.1.0.202410251130/tools/bin/../lib/gcc/arm-none-eabi/12.3.1/../../../../arm-none-eabi/lib/thumb/v7e-m+fp/hard\libc_nano.a(libc_a-exit.o)
                              C:/ST/STM32CubeIDE_1.17.0/STM32CubeIDE/plugins/com.st.stm32cube.ide.mcu.externaltools.gnu-tools-for-stm32.12.3.rel1.win32_1.1.0.202410251130/tools/bin/../lib/gcc/arm-none-eabi/12.3.1/../../../../arm-none-eabi/lib/thumb/v7e-m+fp/hard/crt0.o (exit)
C:/ST/STM32CubeIDE_1.17.0/STM32CubeIDE/plugins/com.st.stm32cube.ide.mcu.externaltools.gnu-tools-for-stm32.12.3.rel1.win32_1.1.0.202410251130/tools/bin/../lib/gcc/arm-none-eabi/12.3.1/../../../../arm-none-eabi/lib/thumb/v7e-m+fp/hard\libc_nano.a(libc_a-findfp.o)
                              C:/ST/STM32CubeIDE_1.17.0/STM32CubeIDE/plugins/com.st.stm32cube.ide.mcu.externaltools.gnu-tools-for-stm32.12.3.rel1.win32_1.1.0.202410251130/tools/bin/../lib/gcc/arm-none-eabi/12.3.1/../../../../arm-none-eabi/lib/thumb/v7e-m+fp/hard\libc_nano.a(libc_a-exit.o) (__stdio_exit_handler)
C:/ST/STM32CubeIDE_1.17.0/STM32CubeIDE/plugins/com.st.stm32cube.ide.mcu.externaltools.gnu-tools-for-stm32.12.3.rel1.win32_1.1.0.202410251130/tools/bin/../lib/gcc/arm-none-eabi/12.3.1/../../../../arm-none-eabi/lib/thumb/v7e-m+fp/hard\libc_nano.a(libc_a-fwalk.o)
                              C:/ST/STM32CubeIDE_1.17.0/STM32CubeIDE/plugins/com.st.stm32cube.ide.mcu.externaltools.gnu-tools-for-stm32.12.3.rel1.win32_1.1.0.202410251130/tools/bin/../lib/gcc/arm-none-eabi/12.3.1/../../../../arm-none-eabi/lib/thumb/v7e-m+fp/hard\libc_nano.a(libc_a-findfp.o) (_fwalk_sglue)
C:/ST/STM32CubeIDE_1.17.0/STM32CubeIDE/plugins/com.st.stm32cube.ide.mcu.externaltools.gnu-tools-for-stm32.12.3.rel1.win32_1.1.0.202410251130/tools/bin/../lib/gcc/arm-none-eabi/12.3.1/../../../../arm-none-eabi/lib/thumb/v7e-m+fp/hard\libc_nano.a(libc_a-stdio.o)
                              C:/ST/STM32CubeIDE_1.17.0/STM32CubeIDE/plugins/com.st.stm32cube.ide.mcu.externaltools.gnu-tools-for-stm32.12.3.rel1.win32_1.1.0.202410251130/tools/bin/../lib/gcc/arm-none-eabi/12.3.1/../../../../arm-none-eabi/lib/thumb/v7e-m+fp/hard\libc_nano.a(libc_a-findfp.o) (__sread)
C:/ST/STM32CubeIDE_1.17.0/STM32CubeIDE/plugins/com.st.stm32cube.ide.mcu.externaltools.gnu-tools-for-stm32.12.3.rel1.win32_1.1.0.202410251130/tools/bin/../lib/gcc/arm-none-eabi/12.3.1/../../../../arm-none-eabi/lib/thumb/v7e-m+fp/hard\libc_nano.a(libc_a-memset.o)
                              C:/ST/STM32CubeIDE_1.17.0/STM32CubeIDE/plugins/com.st.stm32cube.ide.mcu.externaltools.gnu-tools-for-stm32.12.3.rel1.win32_1.1.0.202410251130/tools/bin/../lib/gcc/arm-none-eabi/12.3.1/../../../../arm-none-eabi/lib/thumb/v7e-m+fp/hard/crt0.o (memset)
C:/ST/STM32CubeIDE_1.17.0/STM32CubeIDE/plugins/com.st.stm32cube.ide.mcu.externaltools.gnu-tools-for-stm32.12.3.rel1.win32_1.1.0.202410251130/tools/bin/../lib/gcc/arm-none-eabi/12.3.1/../../../../arm-none-eabi/lib/thumb/v7e-m+fp/hard\libc_nano.a(libc_a-closer.o)
                              C:/ST/STM32CubeIDE_1.17.0/STM32CubeIDE/plugins/com.st.stm32cube.ide.mcu.externaltools.gnu-tools-for-stm32.12.3.rel1.win32_1.1.0.202410251130/tools/bin/../lib/gcc/arm-none-eabi/12.3.1/../../../../arm-none-eabi/lib/thumb/v7e-m+fp/hard\libc_nano.a(libc_a-stdio.o) (_close_r)
C:/ST/STM32CubeIDE_1.17.0/STM32CubeIDE/plugins/com.st.stm32cube.ide.mcu.externaltools.gnu-tools-for-stm32.12.3.rel1.win32_1.1.0.202410251130/tools/bin/../lib/gcc/arm-none-eabi/12.3.1/../../../../arm-none-eabi/lib/thumb/v7e-m+fp/hard\libc_nano.a(libc_a-reent.o)
                              C:/ST/STM32CubeIDE_1.17.0/STM32CubeIDE/plugins/com.st.stm32cube.ide.mcu.externaltools.gnu-tools-for-stm32.12.3.rel1.win32_1.1.0.202410251130/tools/bin/../lib/gcc/arm-none-eabi/12.3.1/../../../../arm-none-eabi/lib/thumb/v7e-m+fp/hard\libc_nano.a(libc_a-closer.o) (errno)
C:/ST/STM32CubeIDE_1.17.0/STM32CubeIDE/plugins/com.st.stm32cube.ide.mcu.externaltools.gnu-tools-for-stm32.12.3.rel1.win32_1.1.0.202410251130/tools/bin/../lib/gcc/arm-none-eabi/12.3.1/../../../../arm-none-eabi/lib/thumb/v7e-m+fp/hard\libc_nano.a(libc_a-impure.o)
                              C:/ST/STM32CubeIDE_1.17.0/STM32CubeIDE/plugins/com.st.stm32cube.ide.mcu.externaltools.gnu-tools-for-stm32.12.3.rel1.win32_1.1.0.202410251130/tools/bin/../lib/gcc/arm-none-eabi/12.3.1/../../../../arm-none-eabi/lib/thumb/v7e-m+fp/hard\libc_nano.a(libc_a-reent.o) (_impure_ptr)
C:/ST/STM32CubeIDE_1.17.0/STM32CubeIDE/plugins/com.st.stm32cube.ide.mcu.externaltools.gnu-tools-for-stm32.12.3.rel1.win32_1.1.0.202410251130/tools/bin/../lib/gcc/arm-none-eabi/12.3.1/../../../../arm-none-eabi/lib/thumb/v7e-m+fp/hard\libc_nano.a(libc_a-lseekr.o)
[...]
Memory Configuration

Name             Origin             Length             Attributes
CCMRAM           0x10000000         0x00010000         xrw
RAM              0x20000000         0x00020000         xrw
FLASH            0x08000000         0x00100000         xr
*default*        0x00000000         0xffffffff

Linker script and memory map

LOAD C:/ST/STM32CubeIDE_1.17.0/STM32CubeIDE/plugins/com.st.stm32cube.ide.mcu.externaltools.gnu-tools-for-stm32.12.3.rel1.win32_1.1.0.202410251130/tools/bin/../lib/gcc/arm-none-eabi/12.3.1/thumb/v7e-m+fp/hard/crti.o
LOAD C:/ST/STM32CubeIDE_1.17.0/STM32CubeIDE/plugins/com.st.stm32cube.ide.mcu.externaltools.gnu-tools-for-stm32.12.3.rel1.win32_1.1.0.202410251130/tools/bin/../lib/gcc/arm-none-eabi/12.3.1/thumb/v7e-m+fp/hard/crtbegin.o
LOAD C:/ST/STM32CubeIDE_1.17.0/STM32CubeIDE/plugins/com.st.stm32cube.ide.mcu.externaltools.gnu-tools-for-stm32.12.3.rel1.win32_1.1.0.202410251130/tools/bin/../lib/gcc/arm-none-eabi/12.3.1/../../../../arm-none-eabi/lib/thumb/v7e-m+fp/hard/crt0.o
LOAD ./Core/Src/CS43L22.o
LOAD ./Core/Src/adc.o
LOAD ./Core/Src/dma.o
LOAD ./Core/Src/gpio.o
LOAD ./Core/Src/i2c.o
LOAD ./Core/Src/i2s.o
LOAD ./Core/Src/main.o
LOAD ./Core/Src/stm32f4xx_hal_msp.o
LOAD ./Core/Src/stm32f4xx_it.o
LOAD ./Core/Src/syscalls.o
LOAD ./Core/Src/sysmem.o
LOAD ./Core/Src/system_stm32f4xx.o
LOAD ./Core/Src/tim.o
LOAD ./Core/Startup/startup_stm32f407vgtx.o
LOAD ./Drivers/DSP/Source/CommonTables/arm_common_tables.o
LOAD ./Drivers/DSP/Source/CommonTables/arm_common_tables_f16.o
LOAD ./Drivers/DSP/Source/CommonTables/arm_const_structs.o
LOAD ./Drivers/DSP/Source/CommonTables/arm_const_structs_f16.o
LOAD ./Drivers/DSP/Source/CommonTables/arm_mve_tables.o
LOAD ./Drivers/DSP/Source/CommonTables/arm_mve_tables_f16.o
LOAD ./Drivers/DSP/Source/FilteringFunctions/arm_fir_f32.o
LOAD ./Drivers/DSP/Source/FilteringFunctions/arm_fir_init_f32.o
LOAD ./Drivers/DSP/Source/TransformFunctions/arm_bitreversal.o
LOAD ./Drivers/DSP/Source/TransformFunctions/arm_bitreversal2.o
LOAD ./Drivers/DSP/Source/TransformFunctions/arm_cfft_f32.o
LOAD ./Drivers/DSP/Source/TransformFunctions/arm_cfft_init_f32.o
LOAD ./Drivers/DSP/Source/TransformFunctions/arm_cfft_radix2_f32.o
LOAD ./Drivers/DSP/Source/TransformFunctions/arm_cfft_radix2_init_f32.o
LOAD ./Drivers/DSP/Source/TransformFunctions/arm_cfft_radix4_f32.o
LOAD ./Drivers/DSP/Source/TransformFunctions/arm_cfft_radix4_init_f32.o
LOAD ./Drivers/DSP/Source/TransformFunctions/arm_cfft_radix8_f32.o
LOAD ./Drivers/DSP/Source/TransformFunctions/arm_rfft_f32.o
LOAD ./Drivers/DSP/Source/TransformFunctions/arm_rfft_fast_f32.o
LOAD ./Drivers/DSP/Source/TransformFunctions/arm_rfft_fast_init_f32.o
LOAD ./Drivers/DSP/Source/TransformFunctions/arm_rfft_init_f32.o
LOAD ./Drivers/STM32F4xx_HAL_Driver/Src/stm32f4xx_hal.o
LOAD ./Drivers/STM32F4xx_HAL_Driver/Src/stm32f4xx_hal_adc.o
LOAD ./Drivers/STM32F4xx_HAL_Driver/Src/stm32f4xx_hal_adc_ex.o
LOAD ./Drivers/STM32F4xx_HAL_Driver/Src/stm32f4xx_hal_cortex.o
LOAD ./Drivers/STM32F4xx_HAL_Driver/Src/stm32f4xx_hal_dma.o
LOAD ./Drivers/STM32F4xx_HAL_Driver/Src/stm32f4xx_hal_dma_ex.o
LOAD ./Drivers/STM32F4xx_HAL_Driver/Src/stm32f4xx_hal_exti.o
LOAD ./Drivers/STM32F4xx_HAL_Driver/Src/stm32f4xx_hal_flash.o
LOAD ./Drivers/STM32F4xx_HAL_Driver/Src/stm32f4xx_hal_flash_ex.o
LOAD ./Drivers/STM32F4xx_HAL_Driver/Src/stm32f4xx_hal_flash_ramfunc.o
LOAD ./Drivers/STM32F4xx_HAL_Driver/Src/stm32f4xx_hal_gpio.o
LOAD ./Drivers/STM32F4xx_HAL_Driver/Src/stm32f4xx_hal_i2c.o
LOAD ./Drivers/STM32F4xx_HAL_Driver/Src/stm32f4xx_hal_i2c_ex.o
LOAD ./Drivers/STM32F4xx_HAL_Driver/Src/stm32f4xx_hal_i2s.o
LOAD ./Drivers/STM32F4xx_HAL_Driver/Src/stm32f4xx_hal_i2s_ex.o
LOAD ./Drivers/STM32F4xx_HAL_Driver/Src/stm32f4xx_hal_pwr.o
LOAD ./Drivers/STM32F4xx_HAL_Driver/Src/stm32f4xx_hal_pwr_ex.o
LOAD ./Drivers/STM32F4xx_HAL_Driver/Src/stm32f4xx_hal_rcc.o
LOAD ./Drivers/STM32F4xx_HAL_Driver/Src/stm32f4xx_hal_rcc_ex.o
LOAD ./Drivers/STM32F4xx_HAL_Driver/Src/stm32f4xx_hal_tim.o
LOAD ./Drivers/STM32F4xx_HAL_Driver/Src/stm32f4xx_hal_tim_ex.o
LOAD ./Drivers/STM32F4xx_HAL_Driver/Src/stm32f4xx_ll_adc.o
START GROUP
LOAD C:/ST/STM32CubeIDE_1.17.0/STM32CubeIDE/plugins/com.st.stm32cube.ide.mcu.externaltools.gnu-tools-for-stm32.12.3.rel1.win32_1.1.0.202410251130/tools/bin/../lib/gcc/arm-none-eabi/12.3.1/../../../../arm-none-eabi/lib/thumb/v7e-m+fp/hard\libc_nano.a
LOAD C:/ST/STM32CubeIDE_1.17.0/STM32CubeIDE/plugins/com.st.stm32cube.ide.mcu.externaltools.gnu-tools-for-stm32.12.3.rel1.win32_1.1.0.202410251130/tools/bin/../lib/gcc/arm-none-eabi/12.3.1/../../../../arm-none-eabi/lib/thumb/v7e-m+fp/hard\libm.a
END GROUP
START GROUP
LOAD C:/ST/STM32CubeIDE_1.17.0/STM32CubeIDE/plugins/com.st.stm32cube.ide.mcu.externaltools.gnu-tools-for-stm32.12.3.rel1.win32_1.1.0.202410251130/tools/bin/../lib/gcc/arm-none-eabi/12.3.1/thumb/v7e-m+fp/hard\libgcc.a
LOAD C:/ST/STM32CubeIDE_1.17.0/STM32CubeIDE/plugins/com.st.stm32cube.ide.mcu.externaltools.gnu-tools-for-stm32.12.3.rel1.win32_1.1.0.202410251130/tools/bin/../lib/gcc/arm-none-eabi/12.3.1/../../../../arm-none-eabi/lib/thumb/v7e-m+fp/hard\libc_nano.a
END GROUP
START GROUP
LOAD C:/ST/STM32CubeIDE_1.17.0/STM32CubeIDE/plugins/com.st.stm32cube.ide.mcu.externaltools.gnu-tools-for-stm32.12.3.rel1.win32_1.1.0.202410251130/tools/bin/../lib/gcc/arm-none-eabi/12.3.1/thumb/v7e-m+fp/hard\libgcc.a
LOAD C:/ST/STM32CubeIDE_1.17.0/STM32CubeIDE/plugins/com.st.stm32cube.ide.mcu.externaltools.gnu-tools-for-stm32.12.3.rel1.win32_1.1.0.202410251130/tools/bin/../lib/gcc/arm-none-eabi/12.3.1/../../../../arm-none-eabi/lib/thumb/v7e-m+fp/hard\libc_nano.a
LOAD C:/ST/STM32CubeIDE_1.17.0/STM32CubeIDE/plugins/com.st.stm32cube.ide.mcu.externaltools.gnu-tools-for-stm32.12.3.rel1.win32_1.1.0.202410251130/tools/bin/../lib/gcc/arm-none-eabi/12.3.1/../../../../arm-none-eabi/lib/thumb/v7e-m+fp/hard\libnosys.a
END GROUP
START GROUP
LOAD C:/ST/STM32CubeIDE_1.17.0/STM32CubeIDE/plugins/com.st.stm32cube.ide.mcu.externaltools.gnu-tools-for-stm32.12.3.rel1.win32_1.1.0.202410251130/tools/bin/../lib/gcc/arm-none-eabi/12.3.1/thumb/v7e-m+fp/hard\libgcc.a
LOAD C:/ST/STM32CubeIDE_1.17.0/STM32CubeIDE/plugins/com.st.stm32cube.ide.mcu.externaltools.gnu-tools-for-stm32.12.3.rel1.win32_1.1.0.202410251130/tools/bin/../lib/gcc/arm-none-eabi/12.3.1/../../../../arm-none-eabi/lib/thumb/v7e-m+fp/hard\libc_nano.a
LOAD C:/ST/STM32CubeIDE_1.17.0/STM32CubeIDE/plugins/com.st.stm32cube.ide.mcu.externaltools.gnu-tools-for-stm32.12.3.rel1.win32_1.1.0.202410251130/tools/bin/../lib/gcc/arm-none-eabi/12.3.1/../../../../arm-none-eabi/lib/thumb/v7e-m+fp/hard\libnosys.a
END GROUP
LOAD C:/ST/STM32CubeIDE_1.17.0/STM32CubeIDE/plugins/com.st.stm32cube.ide.mcu.externaltools.gnu-tools-for-stm32.12.3.rel1.win32_1.1.0.202410251130/tools/bin/../lib/gcc/arm-none-eabi/12.3.1/thumb/v7e-m+fp/hard/crtend.o
LOAD C:/ST/STM32CubeIDE_1.17.0/STM32CubeIDE/plugins/com.st.stm32cube.ide.mcu.externaltools.gnu-tools-for-stm32.12.3.rel1.win32_1.1.0.202410251130/tools/bin/../lib/gcc/arm-none-eabi/12.3.1/thumb/v7e-m+fp/hard/crtn.o
                0x20020000                        _estack = (ORIGIN (RAM) + LENGTH (RAM))
                0x00000200                        _Min_Heap_Size = 0x200
                0x00000400                        _Min_Stack_Size = 0x400

.isr_vector     0x08000000      0x188
                0x08000000                        . = ALIGN (0x4)
 *(.isr_vector)
 .isr_vector    0x08000000      0x188 ./Core/Startup/startup_stm32f407vgtx.o
                0x08000000                g_pfnVectors
                0x08000188                        . = ALIGN (0x4)

.text           0x08000188     0x5b78
                0x08000188                        . = ALIGN (0x4)
 *(.text)
 .text          0x08000188       0x40 C:/ST/STM32CubeIDE_1.17.0/STM32CubeIDE/plugins/com.st.stm32cube.ide.mcu.externaltools.gnu-tools-for-stm32.12.3.rel1.win32_1.1.0.202410251130/tools/bin/../lib/gcc/arm-none-eabi/12.3.1/thumb/v7e-m+fp/hard/crtbegin.o
 .text          0x080001c8       0x30 C:/ST/STM32CubeIDE_1.17.0/STM32CubeIDE/plugins/com.st.stm32cube.ide.mcu.externaltools.gnu-tools-for-stm32.12.3.rel1.win32_1.1.0.202410251130/tools/bin/../lib/gcc/arm-none-eabi/12.3.1/thumb/v7e-m+fp/hard\libgcc.a(_aeabi_uldivmod.o)
                0x080001c8                __aeabi_uldivmod
 .text          0x080001f8      0x2bc C:/ST/STM32CubeIDE_1.17.0/STM32CubeIDE/plugins/com.st.stm32cube.ide.mcu.externaltools.gnu-tools-for-stm32.12.3.rel1.win32_1.1.0.202410251130/tools/bin/../lib/gcc/arm-none-eabi/12.3.1/thumb/v7e-m+fp/hard\libgcc.a(_udivmoddi4.o)
                0x080001f8                __udivmoddi4
 .text          0x080004b4        0x4 C:/ST/STM32CubeIDE_1.17.0/STM32CubeIDE/plugins/com.st.stm32cube.ide.mcu.externaltools.gnu-tools-for-stm32.12.3.rel1.win32_1.1.0.202410251130/tools/bin/../lib/gcc/arm-none-eabi/12.3.1/thumb/v7e-m+fp/hard\libgcc.a(_dvmd_tls.o)
                0x080004b4                __aeabi_idiv0
                0x080004b4                __aeabi_ldiv0
 *(.text*)
 .text.write_register
                0x080004b8       0x3c ./Core/Src/CS43L22.o
 .text.read_register
                0x080004f4       0x44 ./Core/Src/CS43L22.o
 .text.CS43_Init
                0x08000538      0x228 ./Core/Src/CS43L22.o
                0x08000538                CS43_Init
 .text.CS43_Enable_RightLeft
                0x08000760       0xb8 ./Core/Src/CS43L22.o
                0x08000760                CS43_Enable_RightLeft
 .text.CS43_SetVolume
                0x08000818       0x84 ./Core/Src/CS43L22.o
                0x08000818                CS43_SetVolume
 .text.CS43_Start
                0x0800089c       0x84 ./Core/Src/CS43L22.o
                0x0800089c                CS43_Start
 .text.MX_ADC1_Init
                0x08000920       0xa4 ./Core/Src/adc.o
                0x08000920                MX_ADC1_Init
 .text.HAL_ADC_MspInit
                0x080009c4      0x104 ./Core/Src/adc.o
                0x080009c4                HAL_ADC_MspInit
 .text.MX_DMA_Init
                0x08000ac8       0x6c ./Core/Src/dma.o
                0x08000ac8                MX_DMA_Init
 .text.MX_GPIO_Init
                0x08000b34       0xd8 ./Core/Src/gpio.o
                0x08000b34                MX_GPIO_Init
 .text.MX_I2C1_Init
                0x08000c0c       0x5c ./Core/Src/i2c.o
                0x08000c0c                MX_I2C1_Init
 .text.HAL_I2C_MspInit
                0x08000c68       0x90 ./Core/Src/i2c.o
                0x08000c68                HAL_I2C_MspInit
 .text.MX_I2S3_Init
                0x08000cf8       0x5c ./Core/Src/i2s.o
                0x08000cf8                MX_I2S3_Init
 .text.HAL_I2S_MspInit
                0x08000d54      0x17c ./Core/Src/i2s.o
                0x08000d54                HAL_I2S_MspInit
 .text.process_DSP
                0x08000ed0       0x48 ./Core/Src/main.o
                0x08000ed0                process_DSP
 .text.HAL_ADC_ConvHalfCpltCallback
                0x08000f18       0x20 ./Core/Src/main.o
                0x08000f18                HAL_ADC_ConvHalfCpltCallback
 .text.HAL_ADC_ConvCpltCallback
                0x08000f38       0x20 ./Core/Src/main.o
                0x08000f38                HAL_ADC_ConvCpltCallback
 .text.HAL_I2S_TxHalfCpltCallback
                0x08000f58       0x20 ./Core/Src/main.o
                0x08000f58                HAL_I2S_TxHalfCpltCallback
 .text.HAL_I2S_TxCpltCallback
                0x08000f78       0x20 ./Core/Src/main.o
                0x08000f78                HAL_I2S_TxCpltCallback
 .text.main     0x08000f98      0x244 ./Core/Src/main.o
                0x08000f98                main
 .text.SystemClock_Config
                0x080011dc       0xd4 ./Core/Src/main.o
                0x080011dc                SystemClock_Config
 .text.Error_Handler
                0x080012b0        0xc ./Core/Src/main.o
                0x080012b0                Error_Handler
 .text.HAL_MspInit
                0x080012bc       0x50 ./Core/Src/stm32f4xx_hal_msp.o
                0x080012bc                HAL_MspInit
 .text.NMI_Handler
                0x0800130c        0x8 ./Core/Src/stm32f4xx_it.o
                0x0800130c                NMI_Handler
 .text.HardFault_Handler
                0x08001314        0x8 ./Core/Src/stm32f4xx_it.o
                0x08001314                HardFault_Handler
 .text.MemManage_Handler
                0x0800131c        0x8 ./Core/Src/stm32f4xx_it.o
                0x0800131c                MemManage_Handler
 .text.BusFault_Handler
                0x08001324        0x8 ./Core/Src/stm32f4xx_it.o
                0x08001324                BusFault_Handler
 .text.UsageFault_Handler
                0x0800132c        0x8 ./Core/Src/stm32f4xx_it.o
                0x0800132c                UsageFault_Handler
 .text.SVC_Handler
                0x08001334        0xe ./Core/Src/stm32f4xx_it.o
                0x08001334                SVC_Handler
 .text.DebugMon_Handler
                0x08001342        0xe ./Core/Src/stm32f4xx_it.o
                0x08001342                DebugMon_Handler
 .text.PendSV_Handler
                0x08001350        0xe ./Core/Src/stm32f4xx_it.o
                0x08001350                PendSV_Handler
 .text.SysTick_Handler
                0x0800135e        0xc ./Core/Src/stm32f4xx_it.o
                0x0800135e                SysTick_Handler
 *fill*         0x0800136a        0x2 
 .text.DMA1_Stream5_IRQHandler
                0x0800136c       0x14 ./Core/Src/stm32f4xx_it.o
                0x0800136c                DMA1_Stream5_IRQHandler
 .text.DMA2_Stream0_IRQHandler
                0x08001380       0x14 ./Core/Src/stm32f4xx_it.o
                0x08001380                DMA2_Stream0_IRQHandler
 .text.SystemInit
                0x08001394       0x24 ./Core/Src/system_stm32f4xx.o
                0x08001394                SystemInit
 .text.MX_TIM2_Init
                0x080013b8       0x98 ./Core/Src/tim.o
                0x080013b8                MX_TIM2_Init
 .text.HAL_TIM_Base_MspInit
                0x08001450       0x40 ./Core/Src/tim.o
                0x08001450                HAL_TIM_Base_MspInit
 .text.Reset_Handler
                0x08001490       0x50 ./Core/Startup/startup_stm32f407vgtx.o
                0x08001490                Reset_Handler
 .text.Default_Handler
                0x080014e0        0x2 ./Core/Startup/startup_stm32f407vgtx.o
                0x080014e0                RTC_Alarm_IRQHandler
                0x080014e0                HASH_RNG_IRQHandler
                0x080014e0                EXTI2_IRQHandler
                0x080014e0                TIM8_CC_IRQHandler
                0x080014e0                TIM1_CC_IRQHandler
                0x080014e0                DMA2_Stream5_IRQHandler
                0x080014e0                PVD_IRQHandler
                0x080014e0                SDIO_IRQHandler
                0x080014e0                TAMP_STAMP_IRQHandler
                0x080014e0                CAN2_RX1_IRQHandler
                0x080014e0                EXTI3_IRQHandler
                0x080014e0                TIM8_TRG_COM_TIM14_IRQHandler
                0x080014e0                TIM1_UP_TIM10_IRQHandler
                0x080014e0                TIM8_UP_TIM13_IRQHandler
                0x080014e0                I2C3_ER_IRQHandler
                0x080014e0                EXTI0_IRQHandler
                0x080014e0                I2C2_EV_IRQHandler
                0x080014e0                DMA1_Stream2_IRQHandler
                0x080014e0                CAN1_RX0_IRQHandler
                0x080014e0                FPU_IRQHandler
                0x080014e0                OTG_HS_WKUP_IRQHandler
                0x080014e0                CAN2_SCE_IRQHandler
                0x080014e0                DMA2_Stream2_IRQHandler
                0x080014e0                SPI1_IRQHandler
                0x080014e0                TIM6_DAC_IRQHandler
                0x080014e0                TIM1_BRK_TIM9_IRQHandler
                0x080014e0                DCMI_IRQHandler
                0x080014e0                CAN2_RX0_IRQHandler
                0x080014e0                DMA2_Stream3_IRQHandler
                0x080014e0                USART6_IRQHandler
                0x080014e0                USART3_IRQHandler
                0x080014e0                CAN1_RX1_IRQHandler
                0x080014e0                UART5_IRQHandler
                0x080014e0                TIM4_IRQHandler
                0x080014e0                I2C1_EV_IRQHandler
                0x080014e0                DMA1_Stream6_IRQHandler
                0x080014e0                DMA1_Stream1_IRQHandler
                0x080014e0                UART4_IRQHandler
                0x080014e0                TIM3_IRQHandler
                0x080014e0                RCC_IRQHandler
                0x080014e0                TIM8_BRK_TIM12_IRQHandler
                0x080014e0                Default_Handler
                0x080014e0                EXTI15_10_IRQHandler
                0x080014e0                ADC_IRQHandler
                0x080014e0                DMA1_Stream7_IRQHandler
                0x080014e0                TIM7_IRQHandler
                0x080014e0                CAN2_TX_IRQHandler
                0x080014e0                TIM5_IRQHandler
                0x080014e0                DMA2_Stream7_IRQHandler
                0x080014e0                I2C3_EV_IRQHandler
                0x080014e0                EXTI9_5_IRQHandler
                0x080014e0                RTC_WKUP_IRQHandler
                0x080014e0                ETH_WKUP_IRQHandler
                0x080014e0                SPI2_IRQHandler
                0x080014e0                OTG_HS_EP1_IN_IRQHandler
                0x080014e0                DMA1_Stream0_IRQHandler
                0x080014e0                CAN1_TX_IRQHandler
                0x080014e0                EXTI4_IRQHandler
                0x080014e0                FSMC_IRQHandler
                0x080014e0                ETH_IRQHandler
                0x080014e0                OTG_HS_EP1_OUT_IRQHandler
                0x080014e0                WWDG_IRQHandler
                0x080014e0                TIM2_IRQHandler
                0x080014e0                OTG_FS_WKUP_IRQHandler
                0x080014e0                TIM1_TRG_COM_TIM11_IRQHandler
                0x080014e0                OTG_HS_IRQHandler
                0x080014e0                EXTI1_IRQHandler
                0x080014e0                USART2_IRQHandler
                0x080014e0                I2C2_ER_IRQHandler
                0x080014e0                DMA2_Stream1_IRQHandler
                0x080014e0                CAN1_SCE_IRQHandler
                0x080014e0                FLASH_IRQHandler
                0x080014e0                DMA2_Stream4_IRQHandler
                0x080014e0                USART1_IRQHandler
                0x080014e0                OTG_FS_IRQHandler
                0x080014e0                SPI3_IRQHandler
                0x080014e0                DMA1_Stream4_IRQHandler
                0x080014e0                I2C1_ER_IRQHandler
                0x080014e0                DMA2_Stream6_IRQHandler
                0x080014e0                DMA1_Stream3_IRQHandler
 .text.arm_fir_init_f32
                0x080014e2       0x3e ./Drivers/DSP/Source/FilteringFunctions/arm_fir_init_f32.o
                0x080014e2                arm_fir_init_f32
 .text.arm_cfft_init_f32
                0x08001520      0x1a4 ./Drivers/DSP/Source/TransformFunctions/arm_cfft_init_f32.o
                0x08001520                arm_cfft_init_f32
 .text.arm_rfft_32_fast_init_f32
                0x080016c4       0x4c ./Drivers/DSP/Source/TransformFunctions/arm_rfft_fast_init_f32.o
 .text.arm_rfft_64_fast_init_f32
                0x08001710       0x4c ./Drivers/DSP/Source/TransformFunctions/arm_rfft_fast_init_f32.o
 .text.arm_rfft_128_fast_init_f32
                0x0800175c       0x4c ./Drivers/DSP/Source/TransformFunctions/arm_rfft_fast_init_f32.o
 .text.arm_rfft_256_fast_init_f32
                0x080017a8       0x4c ./Drivers/DSP/Source/TransformFunctions/arm_rfft_fast_init_f32.o
 .text.arm_rfft_512_fast_init_f32
                0x080017f4       0x50 ./Drivers/DSP/Source/TransformFunctions/arm_rfft_fast_init_f32.o
 .text.arm_rfft_1024_fast_init_f32
                0x08001844       0x50 ./Drivers/DSP/Source/TransformFunctions/arm_rfft_fast_init_f32.o
 .text.arm_rfft_2048_fast_init_f32
                0x08001894       0x50 ./Drivers/DSP/Source/TransformFunctions/arm_rfft_fast_init_f32.o
 .text.arm_rfft_4096_fast_init_f32
                0x080018e4       0x50 ./Drivers/DSP/Source/TransformFunctions/arm_rfft_fast_init_f32.o
 .text.arm_rfft_fast_init_f32
                0x08001934       0xd0 ./Drivers/DSP/Source/TransformFunctions/arm_rfft_fast_init_f32.o
                0x08001934                arm_rfft_fast_init_f32
 .text.HAL_Init
                0x08001a04       0x44 ./Drivers/STM32F4xx_HAL_Driver/Src/stm32f4xx_hal.o
                0x08001a04                HAL_Init
 .text.HAL_InitTick
                0x08001a48       0x60 ./Drivers/STM32F4xx_HAL_Driver/Src/stm32f4xx_hal.o
                0x08001a48                HAL_InitTick
 .text.HAL_IncTick
                0x08001aa8       0x28 ./Drivers/STM32F4xx_HAL_Driver/Src/stm32f4xx_hal.o
                0x08001aa8                HAL_IncTick
 .text.HAL_GetTick
                0x08001ad0       0x18 ./Drivers/STM32F4xx_HAL_Driver/Src/stm32f4xx_hal.o
                0x08001ad0                HAL_GetTick
 .text.HAL_ADC_Init
                0x08001ae8       0x86 ./Drivers/STM32F4xx_HAL_Driver/Src/stm32f4xx_hal_adc.o
                0x08001ae8                HAL_ADC_Init
 *fill*         0x08001b6e        0x2 
 .text.HAL_ADC_Start_DMA
                0x08001b70      0x220 ./Drivers/STM32F4xx_HAL_Driver/Src/stm32f4xx_hal_adc.o
                0x08001b70                HAL_ADC_Start_DMA
 .text.HAL_ADC_ErrorCallback
                0x08001d90       0x14 ./Drivers/STM32F4xx_HAL_Driver/Src/stm32f4xx_hal_adc.o
                0x08001d90                HAL_ADC_ErrorCallback
 .text.HAL_ADC_ConfigChannel
                0x08001da4      0x244 ./Drivers/STM32F4xx_HAL_Driver/Src/stm32f4xx_hal_adc.o
                0x08001da4                HAL_ADC_ConfigChannel
 .text.ADC_Init
                0x08001fe8      0x1f8 ./Drivers/STM32F4xx_HAL_Driver/Src/stm32f4xx_hal_adc.o
 .text.ADC_DMAConvCplt
                0x080021e0       0xba ./Drivers/STM32F4xx_HAL_Driver/Src/stm32f4xx_hal_adc.o
 .text.ADC_DMAHalfConvCplt
                0x0800229a       0x1c ./Drivers/STM32F4xx_HAL_Driver/Src/stm32f4xx_hal_adc.o
 .text.ADC_DMAError
                0x080022b6       0x2e ./Drivers/STM32F4xx_HAL_Driver/Src/stm32f4xx_hal_adc.o
 .text.__NVIC_SetPriorityGrouping
                0x080022e4       0x48 ./Drivers/STM32F4xx_HAL_Driver/Src/stm32f4xx_hal_cortex.o
 .text.__NVIC_GetPriorityGrouping
                0x0800232c       0x1c ./Drivers/STM32F4xx_HAL_Driver/Src/stm32f4xx_hal_cortex.o
 .text.__NVIC_EnableIRQ
                0x08002348       0x3c ./Drivers/STM32F4xx_HAL_Driver/Src/stm32f4xx_hal_cortex.o
 .text.__NVIC_SetPriority
                0x08002384       0x54 ./Drivers/STM32F4xx_HAL_Driver/Src/stm32f4xx_hal_cortex.o
 .text.NVIC_EncodePriority
                0x080023d8       0x66 ./Drivers/STM32F4xx_HAL_Driver/Src/stm32f4xx_hal_cortex.o
 *fill*         0x0800243e        0x2 
 .text.SysTick_Config
                0x08002440       0x44 ./Drivers/STM32F4xx_HAL_Driver/Src/stm32f4xx_hal_cortex.o
 .text.HAL_NVIC_SetPriorityGrouping
                0x08002484       0x16 ./Drivers/STM32F4xx_HAL_Driver/Src/stm32f4xx_hal_cortex.o
                0x08002484                HAL_NVIC_SetPriorityGrouping
 .text.HAL_NVIC_SetPriority
                0x0800249a       0x38 ./Drivers/STM32F4xx_HAL_Driver/Src/stm32f4xx_hal_cortex.o
                0x0800249a                HAL_NVIC_SetPriority
 .text.HAL_NVIC_EnableIRQ
                0x080024d2       0x1c ./Drivers/STM32F4xx_HAL_Driver/Src/stm32f4xx_hal_cortex.o
                0x080024d2                HAL_NVIC_EnableIRQ
 .text.HAL_SYSTICK_Config
                0x080024ee       0x18 ./Drivers/STM32F4xx_HAL_Driver/Src/stm32f4xx_hal_cortex.o
                0x080024ee                HAL_SYSTICK_Config
 *fill*         0x08002506        0x2 
 .text.HAL_DMA_Init
                0x08002508      0x15c ./Drivers/STM32F4xx_HAL_Driver/Src/stm32f4xx_hal_dma.o
                0x08002508                HAL_DMA_Init
 .text.HAL_DMA_Start_IT
                0x08002664       0xb0 ./Drivers/STM32F4xx_HAL_Driver/Src/stm32f4xx_hal_dma.o
                0x08002664                HAL_DMA_Start_IT
 .text.HAL_DMA_IRQHandler
                0x08002714      0x314 ./Drivers/STM32F4xx_HAL_Driver/Src/stm32f4xx_hal_dma.o
                0x08002714                HAL_DMA_IRQHandler
 .text.DMA_SetConfig
                0x08002a28       0x5c ./Drivers/STM32F4xx_HAL_Driver/Src/stm32f4xx_hal_dma.o
 .text.DMA_CalcBaseAndBitshift
                0x08002a84       0x6c ./Drivers/STM32F4xx_HAL_Driver/Src/stm32f4xx_hal_dma.o
 .text.DMA_CheckFifoParam
                0x08002af0       0xf8 ./Drivers/STM32F4xx_HAL_Driver/Src/stm32f4xx_hal_dma.o
 .text.HAL_GPIO_Init
                0x08002be8      0x338 ./Drivers/STM32F4xx_HAL_Driver/Src/stm32f4xx_hal_gpio.o
                0x08002be8                HAL_GPIO_Init
 .text.HAL_GPIO_WritePin
                0x08002f20       0x32 ./Drivers/STM32F4xx_HAL_Driver/Src/stm32f4xx_hal_gpio.o
                0x08002f20                HAL_GPIO_WritePin
 *fill*         0x08002f52        0x2 
 .text.HAL_I2C_Init
                0x08002f54      0x288 ./Drivers/STM32F4xx_HAL_Driver/Src/stm32f4xx_hal_i2c.o
                0x08002f54                HAL_I2C_Init
 .text.HAL_I2C_Master_Transmit
                0x080031dc      0x1fc ./Drivers/STM32F4xx_HAL_Driver/Src/stm32f4xx_hal_i2c.o
                0x080031dc                HAL_I2C_Master_Transmit
 .text.HAL_I2C_Master_Receive
                0x080033d8      0x464 ./Drivers/STM32F4xx_HAL_Driver/Src/stm32f4xx_hal_i2c.o
                0x080033d8                HAL_I2C_Master_Receive
 .text.I2C_MasterRequestWrite
                0x0800383c      0x104 ./Drivers/STM32F4xx_HAL_Driver/Src/stm32f4xx_hal_i2c.o
 .text.I2C_MasterRequestRead
                0x08003940      0x19c ./Drivers/STM32F4xx_HAL_Driver/Src/stm32f4xx_hal_i2c.o
 .text.I2C_WaitOnFlagUntilTimeout
                0x08003adc       0xf4 ./Drivers/STM32F4xx_HAL_Driver/Src/stm32f4xx_hal_i2c.o
 .text.I2C_WaitOnMasterAddressFlagUntilTimeout
                0x08003bd0      0x140 ./Drivers/STM32F4xx_HAL_Driver/Src/stm32f4xx_hal_i2c.o
 .text.I2C_WaitOnTXEFlagUntilTimeout
                0x08003d10       0x90 ./Drivers/STM32F4xx_HAL_Driver/Src/stm32f4xx_hal_i2c.o
 .text.I2C_WaitOnBTFFlagUntilTimeout
                0x08003da0       0x90 ./Drivers/STM32F4xx_HAL_Driver/Src/stm32f4xx_hal_i2c.o
 .text.I2C_WaitOnRXNEFlagUntilTimeout
                0x08003e30       0xba ./Drivers/STM32F4xx_HAL_Driver/Src/stm32f4xx_hal_i2c.o
 .text.I2C_IsAcknowledgeFailed
                0x08003eea       0x5e ./Drivers/STM32F4xx_HAL_Driver/Src/stm32f4xx_hal_i2c.o
 .text.HAL_I2S_Init
                0x08003f48      0x280 ./Drivers/STM32F4xx_HAL_Driver/Src/stm32f4xx_hal_i2s.o
                0x08003f48                HAL_I2S_Init
 .text.HAL_I2S_Transmit_DMA
                0x080041c8      0x148 ./Drivers/STM32F4xx_HAL_Driver/Src/stm32f4xx_hal_i2s.o
                0x080041c8                HAL_I2S_Transmit_DMA
 .text.HAL_I2S_RxCpltCallback
                0x08004310       0x14 ./Drivers/STM32F4xx_HAL_Driver/Src/stm32f4xx_hal_i2s.o
                0x08004310                HAL_I2S_RxCpltCallback
 .text.HAL_I2S_ErrorCallback
                0x08004324       0x14 ./Drivers/STM32F4xx_HAL_Driver/Src/stm32f4xx_hal_i2s.o
                0x08004324                HAL_I2S_ErrorCallback
 .text.I2S_DMATxCplt
                0x08004338       0x42 ./Drivers/STM32F4xx_HAL_Driver/Src/stm32f4xx_hal_i2s.o
 .text.I2S_DMATxHalfCplt
                0x0800437a       0x1c ./Drivers/STM32F4xx_HAL_Driver/Src/stm32f4xx_hal_i2s.o
 .text.I2S_DMAError
                0x08004396       0x4c ./Drivers/STM32F4xx_HAL_Driver/Src/stm32f4xx_hal_i2s.o
 .text.I2S_Transmit_IT
                0x080043e2       0x5c ./Drivers/STM32F4xx_HAL_Driver/Src/stm32f4xx_hal_i2s.o
 .text.I2S_Receive_IT
                0x0800443e       0x5e ./Drivers/STM32F4xx_HAL_Driver/Src/stm32f4xx_hal_i2s.o
 .text.I2S_IRQHandler
                0x0800449c      0x114 ./Drivers/STM32F4xx_HAL_Driver/Src/stm32f4xx_hal_i2s.o
 .text.HAL_I2SEx_FullDuplex_IRQHandler
                0x080045b0      0x2a8 ./Drivers/STM32F4xx_HAL_Driver/Src/stm32f4xx_hal_i2s_ex.o
                0x080045b0                HAL_I2SEx_FullDuplex_IRQHandler
 .text.HAL_I2SEx_TxRxCpltCallback
                0x08004858       0x14 ./Drivers/STM32F4xx_HAL_Driver/Src/stm32f4xx_hal_i2s_ex.o
                0x08004858                HAL_I2SEx_TxRxCpltCallback
 .text.I2SEx_TxISR_I2S
                0x0800486c       0x62 ./Drivers/STM32F4xx_HAL_Driver/Src/stm32f4xx_hal_i2s_ex.o
 *fill*         0x080048ce        0x2 
 .text.I2SEx_TxISR_I2SExt
                0x080048d0       0x98 ./Drivers/STM32F4xx_HAL_Driver/Src/stm32f4xx_hal_i2s_ex.o
 .text.I2SEx_RxISR_I2S
                0x08004968       0x64 ./Drivers/STM32F4xx_HAL_Driver/Src/stm32f4xx_hal_i2s_ex.o
 .text.I2SEx_RxISR_I2SExt
                0x080049cc       0x98 ./Drivers/STM32F4xx_HAL_Driver/Src/stm32f4xx_hal_i2s_ex.o
 .text.HAL_RCC_OscConfig
                0x08004a64      0x4f0 ./Drivers/STM32F4xx_HAL_Driver/Src/stm32f4xx_hal_rcc.o
                0x08004a64                HAL_RCC_OscConfig
 .text.HAL_RCC_ClockConfig
                0x08004f54      0x1cc ./Drivers/STM32F4xx_HAL_Driver/Src/stm32f4xx_hal_rcc.o
                0x08004f54                HAL_RCC_ClockConfig
 .text.HAL_RCC_GetSysClockFreq
                0x08005120      0x20c ./Drivers/STM32F4xx_HAL_Driver/Src/stm32f4xx_hal_rcc.o
                0x08005120                HAL_RCC_GetSysClockFreq
 .text.HAL_RCC_GetHCLKFreq
                0x0800532c       0x18 ./Drivers/STM32F4xx_HAL_Driver/Src/stm32f4xx_hal_rcc.o
                0x0800532c                HAL_RCC_GetHCLKFreq
 .text.HAL_RCC_GetPCLK1Freq
                0x08005344       0x28 ./Drivers/STM32F4xx_HAL_Driver/Src/stm32f4xx_hal_rcc.o
                0x08005344                HAL_RCC_GetPCLK1Freq
 .text.HAL_RCCEx_PeriphCLKConfig
                0x0800536c      0x1c4 ./Drivers/STM32F4xx_HAL_Driver/Src/stm32f4xx_hal_rcc_ex.o
                0x0800536c                HAL_RCCEx_PeriphCLKConfig
 .text.HAL_RCCEx_GetPeriphCLKFreq
                0x08005530       0xc0 ./Drivers/STM32F4xx_HAL_Driver/Src/stm32f4xx_hal_rcc_ex.o
                0x08005530                HAL_RCCEx_GetPeriphCLKFreq
 .text.HAL_TIM_Base_Init
                0x080055f0       0x9e ./Drivers/STM32F4xx_HAL_Driver/Src/stm32f4xx_hal_tim.o
                0x080055f0                HAL_TIM_Base_Init
 *fill*         0x0800568e        0x2 
 .text.HAL_TIM_Base_Start
                0x08005690       0xd0 ./Drivers/STM32F4xx_HAL_Driver/Src/stm32f4xx_hal_tim.o
                0x08005690                HAL_TIM_Base_Start
 .text.HAL_TIM_ConfigClockSource
                0x08005760      0x18e ./Drivers/STM32F4xx_HAL_Driver/Src/stm32f4xx_hal_tim.o
                0x08005760                HAL_TIM_ConfigClockSource
 *fill*         0x080058ee        0x2 
 .text.TIM_Base_SetConfig
                0x080058f0      0x158 ./Drivers/STM32F4xx_HAL_Driver/Src/stm32f4xx_hal_tim.o
                0x080058f0                TIM_Base_SetConfig
 .text.TIM_TI1_ConfigInputStage
                0x08005a48       0x5e ./Drivers/STM32F4xx_HAL_Driver/Src/stm32f4xx_hal_tim.o
 .text.TIM_TI2_ConfigInputStage
                0x08005aa6       0x60 ./Drivers/STM32F4xx_HAL_Driver/Src/stm32f4xx_hal_tim.o
 .text.TIM_ITRx_SetConfig
                0x08005b06       0x36 ./Drivers/STM32F4xx_HAL_Driver/Src/stm32f4xx_hal_tim.o
 .text.TIM_ETR_SetConfig
                0x08005b3c       0x40 ./Drivers/STM32F4xx_HAL_Driver/Src/stm32f4xx_hal_tim.o
                0x08005b3c                TIM_ETR_SetConfig
 .text.HAL_TIMEx_MasterConfigSynchronization
                0x08005b7c       0xf8 ./Drivers/STM32F4xx_HAL_Driver/Src/stm32f4xx_hal_tim_ex.o
                0x08005b7c                HAL_TIMEx_MasterConfigSynchronization
 .text.memset   0x08005c74       0x10 C:/ST/STM32CubeIDE_1.17.0/STM32CubeIDE/plugins/com.st.stm32cube.ide.mcu.externaltools.gnu-tools-for-stm32.12.3.rel1.win32_1.1.0.202410251130/tools/bin/../lib/gcc/arm-none-eabi/12.3.1/../../../../arm-none-eabi/lib/thumb/v7e-m+fp/hard\libc_nano.a(libc_a-memset.o)
                0x08005c74                memset
 .text.__libc_init_array
                0x08005c84       0x48 C:/ST/STM32CubeIDE_1.17.0/STM32CubeIDE/plugins/com.st.stm32cube.ide.mcu.externaltools.gnu-tools-for-stm32.12.3.rel1.win32_1.1.0.202410251130/tools/bin/../lib/gcc/arm-none-eabi/12.3.1/../../../../arm-none-eabi/lib/thumb/v7e-m+fp/hard\libc_nano.a(libc_a-init.o)
                0x08005c84                __libc_init_array
 .text.memcpy   0x08005ccc       0x1c C:/ST/STM32CubeIDE_1.17.0/STM32CubeIDE/plugins/com.st.stm32cube.ide.mcu.externaltools.gnu-tools-for-stm32.12.3.rel1.win32_1.1.0.202410251130/tools/bin/../lib/gcc/arm-none-eabi/12.3.1/../../../../arm-none-eabi/lib/thumb/v7e-m+fp/hard\libc_nano.a(libc_a-memcpy-stub.o)
                0x08005ccc                memcpy
 *(.glue_7)
 .glue_7        0x08005ce8        0x0 linker stubs
 *(.glue_7t)
 .glue_7t       0x08005ce8        0x0 linker stubs
 *(.eh_frame)
 .eh_frame      0x08005ce8        0x0 C:/ST/STM32CubeIDE_1.17.0/STM32CubeIDE/plugins/com.st.stm32cube.ide.mcu.externaltools.gnu-tools-for-stm32.12.3.rel1.win32_1.1.0.202410251130/tools/bin/../lib/gcc/arm-none-eabi/12.3.1/thumb/v7e-m+fp/hard/crtbegin.o
 *(.init)
 .init          0x08005ce8        0x4 C:/ST/STM32CubeIDE_1.17.0/STM32CubeIDE/plugins/com.st.stm32cube.ide.mcu.externaltools.gnu-tools-for-stm32.12.3.rel1.win32_1.1.0.202410251130/tools/bin/../lib/gcc/arm-none-eabi/12.3.1/thumb/v7e-m+fp/hard/crti.o
                0x08005ce8                _init
 .init          0x08005cec        0x8 C:/ST/STM32CubeIDE_1.17.0/STM32CubeIDE/plugins/com.st.stm32cube.ide.mcu.externaltools.gnu-tools-for-stm32.12.3.rel1.win32_1.1.0.202410251130/tools/bin/../lib/gcc/arm-none-eabi/12.3.1/thumb/v7e-m+fp/hard/crtn.o
 *(.fini)
 .fini          0x08005cf4        0x4 C:/ST/STM32CubeIDE_1.17.0/STM32CubeIDE/plugins/com.st.stm32cube.ide.mcu.externaltools.gnu-tools-for-stm32.12.3.rel1.win32_1.1.0.202410251130/tools/bin/../lib/gcc/arm-none-eabi/12.3.1/thumb/v7e-m+fp/hard/crti.o
                0x08005cf4                _fini
 .fini          0x08005cf8        0x8 C:/ST/STM32CubeIDE_1.17.0/STM32CubeIDE/plugins/com.st.stm32cube.ide.mcu.externaltools.gnu-tools-for-stm32.12.3.rel1.win32_1.1.0.202410251130/tools/bin/../lib/gcc/arm-none-eabi/12.3.1/thumb/v7e-m+fp/hard/crtn.o
                0x08005d00                        . = ALIGN (0x4)
                0x08005d00                        _etext = .

.vfp11_veneer   0x08005d00        0x0
 .vfp11_veneer  0x08005d00        0x0 linker stubs

.v4_bx          0x08005d00        0x0
 .v4_bx         0x08005d00        0x0 linker stubs

.iplt           0x08005d00        0x0
 .iplt          0x08005d00        0x0 C:/ST/STM32CubeIDE_1.17.0/STM32CubeIDE/plugins/com.st.stm32cube.ide.mcu.externaltools.gnu-tools-for-stm32.12.3.rel1.win32_1.1.0.202410251130/tools/bin/../lib/gcc/arm-none-eabi/12.3.1/thumb/v7e-m+fp/hard/crtbegin.o

.rodata         0x08005d00    0x1d57c
                0x08005d00                        . = ALIGN (0x4)
 *(.rodata)
 *(.rodata*)
 .rodata.filter_coeffs
                0x08005d00       0xf4 ./Core/Src/main.o
                0x08005d00                filter_coeffs
 .rodata.AHBPrescTable
                0x08005df4       0x10 ./Core/Src/system_stm32f4xx.o
                0x08005df4                AHBPrescTable
 .rodata.APBPrescTable
                0x08005e04        0x8 ./Core/Src/system_stm32f4xx.o
                0x08005e04                APBPrescTable
 .rodata.twiddleCoef_16
                0x08005e0c       0x80 ./Drivers/DSP/Source/CommonTables/arm_common_tables.o
                0x08005e0c                twiddleCoef_16
 .rodata.twiddleCoef_32
                0x08005e8c      0x100 ./Drivers/DSP/Source/CommonTables/arm_common_tables.o
                0x08005e8c                twiddleCoef_32
 .rodata.twiddleCoef_64
                0x08005f8c      0x200 ./Drivers/DSP/Source/CommonTables/arm_common_tables.o
                0x08005f8c                twiddleCoef_64
 .rodata.twiddleCoef_128
                0x0800618c      0x400 ./Drivers/DSP/Source/CommonTables/arm_common_tables.o
                0x0800618c                twiddleCoef_128
 .rodata.twiddleCoef_256
                0x0800658c      0x800 ./Drivers/DSP/Source/CommonTables/arm_common_tables.o
                0x0800658c                twiddleCoef_256
 .rodata.twiddleCoef_512
                0x08006d8c     0x1000 ./Drivers/DSP/Source/CommonTables/arm_common_tables.o
                0x08006d8c                twiddleCoef_512
 .rodata.twiddleCoef_1024
                0x08007d8c     0x2000 ./Drivers/DSP/Source/CommonTables/arm_common_tables.o
                0x08007d8c                twiddleCoef_1024
 .rodata.twiddleCoef_2048
                0x08009d8c     0x4000 ./Drivers/DSP/Source/CommonTables/arm_common_tables.o
                0x08009d8c                twiddleCoef_2048
 .rodata.twiddleCoef_4096
                0x0800dd8c     0x8000 ./Drivers/DSP/Source/CommonTables/arm_common_tables.o
                0x0800dd8c                twiddleCoef_4096
 .rodata.armBitRevIndexTable16
                0x08015d8c       0x28 ./Drivers/DSP/Source/CommonTables/arm_common_tables.o
                0x08015d8c                armBitRevIndexTable16
 .rodata.armBitRevIndexTable32
                0x08015db4       0x60 ./Drivers/DSP/Source/CommonTables/arm_common_tables.o
                0x08015db4                armBitRevIndexTable32
 .rodata.armBitRevIndexTable64
                0x08015e14       0x70 ./Drivers/DSP/Source/CommonTables/arm_common_tables.o
                0x08015e14                armBitRevIndexTable64
 .rodata.armBitRevIndexTable128
                0x08015e84      0x1a0 ./Drivers/DSP/Source/CommonTables/arm_common_tables.o
                0x08015e84                armBitRevIndexTable128
 .rodata.armBitRevIndexTable256
                0x08016024      0x370 ./Drivers/DSP/Source/CommonTables/arm_common_tables.o
                0x08016024                armBitRevIndexTable256
 .rodata.armBitRevIndexTable512
                0x08016394      0x380 ./Drivers/DSP/Source/CommonTables/arm_common_tables.o
                0x08016394                armBitRevIndexTable512
 .rodata.armBitRevIndexTable1024
                0x08016714      0xe10 ./Drivers/DSP/Source/CommonTables/arm_common_tables.o
                0x08016714                armBitRevIndexTable1024
 .rodata.armBitRevIndexTable2048
                0x08017524     0x1dc0 ./Drivers/DSP/Source/CommonTables/arm_common_tables.o
                0x08017524                armBitRevIndexTable2048
 .rodata.armBitRevIndexTable4096
                0x080192e4     0x1f80 ./Drivers/DSP/Source/CommonTables/arm_common_tables.o
                0x080192e4                armBitRevIndexTable4096
 .rodata.twiddleCoef_rfft_32
                0x0801b264       0x80 ./Drivers/DSP/Source/CommonTables/arm_common_tables.o
                0x0801b264                twiddleCoef_rfft_32
 .rodata.twiddleCoef_rfft_64
                0x0801b2e4      0x100 ./Drivers/DSP/Source/CommonTables/arm_common_tables.o
                0x0801b2e4                twiddleCoef_rfft_64
 .rodata.twiddleCoef_rfft_128
                0x0801b3e4      0x200 ./Drivers/DSP/Source/CommonTables/arm_common_tables.o
                0x0801b3e4                twiddleCoef_rfft_128
 .rodata.twiddleCoef_rfft_256
                0x0801b5e4      0x400 ./Drivers/DSP/Source/CommonTables/arm_common_tables.o
                0x0801b5e4                twiddleCoef_rfft_256
 .rodata.twiddleCoef_rfft_512
                0x0801b9e4      0x800 ./Drivers/DSP/Source/CommonTables/arm_common_tables.o
                0x0801b9e4                twiddleCoef_rfft_512
 .rodata.twiddleCoef_rfft_1024
                0x0801c1e4     0x1000 ./Drivers/DSP/Source/CommonTables/arm_common_tables.o
                0x0801c1e4                twiddleCoef_rfft_1024
 .rodata.twiddleCoef_rfft_2048
                0x0801d1e4     0x2000 ./Drivers/DSP/Source/CommonTables/arm_common_tables.o
                0x0801d1e4                twiddleCoef_rfft_2048
 .rodata.twiddleCoef_rfft_4096
                0x0801f1e4     0x4000 ./Drivers/DSP/Source/CommonTables/arm_common_tables.o
                0x0801f1e4                twiddleCoef_rfft_4096
 .rodata.arm_cfft_sR_f32_len16
                0x080231e4       0x10 ./Drivers/DSP/Source/CommonTables/arm_const_structs.o
                0x080231e4                arm_cfft_sR_f32_len16
 .rodata.arm_cfft_sR_f32_len32
                0x080231f4       0x10 ./Drivers/DSP/Source/CommonTables/arm_const_structs.o
                0x080231f4                arm_cfft_sR_f32_len32
 .rodata.arm_cfft_sR_f32_len64
                0x08023204       0x10 ./Drivers/DSP/Source/CommonTables/arm_const_structs.o
                0x08023204                arm_cfft_sR_f32_len64
 .rodata.arm_cfft_sR_f32_len128
                0x08023214       0x10 ./Drivers/DSP/Source/CommonTables/arm_const_structs.o
                0x08023214                arm_cfft_sR_f32_len128
 .rodata.arm_cfft_sR_f32_len256
                0x08023224       0x10 ./Drivers/DSP/Source/CommonTables/arm_const_structs.o
                0x08023224                arm_cfft_sR_f32_len256
 .rodata.arm_cfft_sR_f32_len512
                0x08023234       0x10 ./Drivers/DSP/Source/CommonTables/arm_const_structs.o
                0x08023234                arm_cfft_sR_f32_len512
 .rodata.arm_cfft_sR_f32_len1024
                0x08023244       0x10 ./Drivers/DSP/Source/CommonTables/arm_const_structs.o
                0x08023244                arm_cfft_sR_f32_len1024
 .rodata.arm_cfft_sR_f32_len2048
                0x08023254       0x10 ./Drivers/DSP/Source/CommonTables/arm_const_structs.o
                0x08023254                arm_cfft_sR_f32_len2048
 .rodata.arm_cfft_sR_f32_len4096
                0x08023264       0x10 ./Drivers/DSP/Source/CommonTables/arm_const_structs.o
                0x08023264                arm_cfft_sR_f32_len4096
 .rodata.flagBitshiftOffset.0
                0x08023274        0x8 ./Drivers/STM32F4xx_HAL_Driver/Src/stm32f4xx_hal_dma.o
                0x0802327c                        . = ALIGN (0x4)

.ARM.extab      0x0802327c        0x0
                0x0802327c                        . = ALIGN (0x4)
 *(.ARM.extab* .gnu.linkonce.armextab.*)
                0x0802327c                        . = ALIGN (0x4)

.ARM            0x0802327c        0x8
                0x0802327c                        . = ALIGN (0x4)
                0x0802327c                        __exidx_start = .
 *(.ARM.exidx*)
 .ARM.exidx     0x0802327c        0x8 C:/ST/STM32CubeIDE_1.17.0/STM32CubeIDE/plugins/com.st.stm32cube.ide.mcu.externaltools.gnu-tools-for-stm32.12.3.rel1.win32_1.1.0.202410251130/tools/bin/../lib/gcc/arm-none-eabi/12.3.1/thumb/v7e-m+fp/hard\libgcc.a(_udivmoddi4.o)
                0x08023284                        __exidx_end = .
                0x08023284                        . = ALIGN (0x4)

.preinit_array  0x08023284        0x0
                0x08023284                        . = ALIGN (0x4)
                0x08023284                        PROVIDE (__preinit_array_start = .)
 *(.preinit_array*)
                0x08023284                        PROVIDE (__preinit_array_end = .)
                0x08023284                        . = ALIGN (0x4)

.init_array     0x08023284        0x4
                0x08023284                        . = ALIGN (0x4)
                0x08023284                        PROVIDE (__init_array_start = .)
 *(SORT_BY_NAME(.init_array.*))
 *(.init_array*)
 .init_array    0x08023284        0x4 C:/ST/STM32CubeIDE_1.17.0/STM32CubeIDE/plugins/com.st.stm32cube.ide.mcu.externaltools.gnu-tools-for-stm32.12.3.rel1.win32_1.1.0.202410251130/tools/bin/../lib/gcc/arm-none-eabi/12.3.1/thumb/v7e-m+fp/hard/crtbegin.o
                0x08023288                        PROVIDE (__init_array_end = .)
                0x08023288                        . = ALIGN (0x4)

.fini_array     0x08023288        0x4
                0x08023288                        . = ALIGN (0x4)
                [!provide]                        PROVIDE (__fini_array_start = .)
 *(SORT_BY_NAME(.fini_array.*))
 *(.fini_array*)
 .fini_array    0x08023288        0x4 C:/ST/STM32CubeIDE_1.17.0/STM32CubeIDE/plugins/com.st.stm32cube.ide.mcu.externaltools.gnu-tools-for-stm32.12.3.rel1.win32_1.1.0.202410251130/tools/bin/../lib/gcc/arm-none-eabi/12.3.1/thumb/v7e-m+fp/hard/crtbegin.o
                [!provide]                        PROVIDE (__fini_array_end = .)
                0x0802328c                        . = ALIGN (0x4)
                0x0802328c                        _sidata = LOADADDR (.data)

.rel.dyn        0x0802328c        0x0
 .rel.iplt      0x0802328c        0x0 C:/ST/STM32CubeIDE_1.17.0/STM32CubeIDE/plugins/com.st.stm32cube.ide.mcu.externaltools.gnu-tools-for-stm32.12.3.rel1.win32_1.1.0.202410251130/tools/bin/../lib/gcc/arm-none-eabi/12.3.1/thumb/v7e-m+fp/hard/crtbegin.o

.data           0x20000000        0xc load address 0x0802328c
                0x20000000                        . = ALIGN (0x4)
                0x20000000                        _sdata = .
 *(.data)
 *(.data*)
 .data.SystemCoreClock
                0x20000000        0x4 ./Core/Src/system_stm32f4xx.o
                0x20000000                SystemCoreClock
 .data.uwTickPrio
                0x20000004        0x4 ./Drivers/STM32F4xx_HAL_Driver/Src/stm32f4xx_hal.o
                0x20000004                uwTickPrio
 .data.uwTickFreq
                0x20000008        0x1 ./Drivers/STM32F4xx_HAL_Driver/Src/stm32f4xx_hal.o
                0x20000008                uwTickFreq
 *(.RamFunc)
 *(.RamFunc*)
                0x2000000c                        . = ALIGN (0x4)
 *fill*         0x20000009        0x3 
                0x2000000c                        _edata = .
                0x08023298                        _siccmram = LOADADDR (.ccmram)

.igot.plt       0x2000000c        0x0 load address 0x08023298
 .igot.plt      0x2000000c        0x0 C:/ST/STM32CubeIDE_1.17.0/STM32CubeIDE/plugins/com.st.stm32cube.ide.mcu.externaltools.gnu-tools-for-stm32.12.3.rel1.win32_1.1.0.202410251130/tools/bin/../lib/gcc/arm-none-eabi/12.3.1/thumb/v7e-m+fp/hard/crtbegin.o

.ccmram         0x10000000        0x0 load address 0x08023298
                0x10000000                        . = ALIGN (0x4)
                0x10000000                        _sccmram = .
 *(.ccmram)
 *(.ccmram*)
                0x10000000                        . = ALIGN (0x4)
                0x10000000                        _eccmram = .
                0x10000000                        . = ALIGN (0x4)

.bss            0x2000000c     0x9384
                0x2000000c                        _sbss = .
                0x2000000c                        __bss_start__ = _sbss
 *(.bss)
 .bss           0x2000000c       0x1c C:/ST/STM32CubeIDE_1.17.0/STM32CubeIDE/plugins/com.st.stm32cube.ide.mcu.externaltools.gnu-tools-for-stm32.12.3.rel1.win32_1.1.0.202410251130/tools/bin/../lib/gcc/arm-none-eabi/12.3.1/thumb/v7e-m+fp/hard/crtbegin.o
 *(.bss*)
 .bss.iData     0x20000028        0x2 ./Core/Src/CS43L22.o
 *fill*         0x2000002a        0x2 
 .bss.i2cx      0x2000002c       0x54 ./Core/Src/CS43L22.o
 .bss.hadc1     0x20000080       0x48 ./Core/Src/adc.o
                0x20000080                hadc1
 .bss.hdma_adc1
                0x200000c8       0x60 ./Core/Src/adc.o
                0x200000c8                hdma_adc1
 .bss.hi2c1     0x20000128       0x54 ./Core/Src/i2c.o
                0x20000128                hi2c1
 .bss.hi2s3     0x2000017c       0x48 ./Core/Src/i2s.o
                0x2000017c                hi2s3
 .bss.hdma_spi3_tx
                0x200001c4       0x60 ./Core/Src/i2s.o
                0x200001c4                hdma_spi3_tx
 .bss.adc_val   0x20000224     0x2000 ./Core/Src/main.o
                0x20000224                adc_val
 .bss.input_buffer
                0x20002224     0x2000 ./Core/Src/main.o
                0x20002224                input_buffer
 .bss.output_buffer
                0x20004224     0x2000 ./Core/Src/main.o
                0x20004224                output_buffer
 .bss.input_buffer_ptr
                0x20006224        0x4 ./Core/Src/main.o
                0x20006224                input_buffer_ptr
 .bss.output_buffer_ptr
                0x20006228        0x4 ./Core/Src/main.o
                0x20006228                output_buffer_ptr
 .bss.audio_buffer_out
                0x2000622c     0x2000 ./Core/Src/main.o
                0x2000622c                audio_buffer_out
 .bss.lpfilter  0x2000822c        0xc ./Core/Src/main.o
                0x2000822c                lpfilter
 .bss.state     0x20008238     0x10f0 ./Core/Src/main.o
                0x20008238                state
 .bss.adc_callback_state
                0x20009328        0x1 ./Core/Src/main.o
                0x20009328                adc_callback_state
 .bss.i2s_callback_state
                0x20009329        0x1 ./Core/Src/main.o
                0x20009329                i2s_callback_state
 *fill*         0x2000932a        0x2 
 .bss.fft       0x2000932c       0x18 ./Core/Src/main.o
                0x2000932c                fft
 .bss.htim2     0x20009344       0x48 ./Core/Src/tim.o
                0x20009344                htim2
 .bss.uwTick    0x2000938c        0x4 ./Drivers/STM32F4xx_HAL_Driver/Src/stm32f4xx_hal.o
                0x2000938c                uwTick
 *(COMMON)
                0x20009390                        . = ALIGN (0x4)
                0x20009390                        _ebss = .
                0x20009390                        __bss_end__ = _ebss

._user_heap_stack
                0x20009390      0x600
                0x20009390                        . = ALIGN (0x8)
                [!provide]                        PROVIDE (end = .)
                0x20009390                        PROVIDE (_end = .)
                0x20009590                        . = (. + _Min_Heap_Size)
 *fill*         0x20009390      0x200 
                0x20009990                        . = (. + _Min_Stack_Size)
 *fill*         0x20009590      0x400 
                0x20009990                        . = ALIGN (0x8)

/DISCARD/
 libc.a(*)
 libm.a(*)
 libgcc.a(*)

.ARM.attributes
                0x00000000       0x30
 *(.ARM.attributes)
 .ARM.attributes
                0x00000000       0x22 C:/ST/STM32CubeIDE_1.17.0/STM32CubeIDE/plugins/com.st.stm32cube.ide.mcu.externaltools.gnu-tools-for-stm32.12.3.rel1.win32_1.1.0.202410251130/tools/bin/../lib/gcc/arm-none-eabi/12.3.1/thumb/v7e-m+fp/hard/crti.o
 .ARM.attributes
                0x00000022       0x34 C:/ST/STM32CubeIDE_1.17.0/STM32CubeIDE/plugins/com.st.stm32cube.ide.mcu.externaltools.gnu-tools-for-stm32.12.3.rel1.win32_1.1.0.202410251130/tools/bin/../lib/gcc/arm-none-eabi/12.3.1/thumb/v7e-m+fp/hard/crtbegin.o
 .ARM.attributes
                0x00000056       0x34 ./Core/Src/CS43L22.o
 .ARM.attributes
                0x0000008a       0x34 ./Core/Src/adc.o
 .ARM.attributes
                0x000000be       0x34 ./Core/Src/dma.o
 .ARM.attributes
                0x000000f2       0x34 ./Core/Src/gpio.o
 .ARM.attributes
                0x00000126       0x34 ./Core/Src/i2c.o
 .ARM.attributes
                0x0000015a       0x34 ./Core/Src/i2s.o
 .ARM.attributes
                0x0000018e       0x34 ./Core/Src/main.o
 .ARM.attributes
                0x000001c2       0x34 ./Core/Src/stm32f4xx_hal_msp.o
 .ARM.attributes
                0x000001f6       0x34 ./Core/Src/stm32f4xx_it.o
 .ARM.attributes
                0x0000022a       0x34 ./Core/Src/system_stm32f4xx.o
 .ARM.attributes
                0x0000025e       0x34 ./Core/Src/tim.o
 .ARM.attributes
                0x00000292       0x21 ./Core/Startup/startup_stm32f407vgtx.o
 .ARM.attributes
                0x000002b3       0x34 ./Drivers/DSP/Source/CommonTables/arm_common_tables.o
 .ARM.attributes
                0x000002e7       0x34 ./Drivers/DSP/Source/CommonTables/arm_const_structs.o
 .ARM.attributes
                0x0000031b       0x34 ./Drivers/DSP/Source/FilteringFunctions/arm_fir_init_f32.o
 .ARM.attributes
                0x0000034f       0x34 ./Drivers/DSP/Source/TransformFunctions/arm_cfft_init_f32.o
 .ARM.attributes
                0x00000383       0x34 ./Drivers/DSP/Source/TransformFunctions/arm_rfft_fast_init_f32.o
 .ARM.attributes
                0x000003b7       0x34 ./Drivers/STM32F4xx_HAL_Driver/Src/stm32f4xx_hal.o
 .ARM.attributes
                0x000003eb       0x34 ./Drivers/STM32F4xx_HAL_Driver/Src/stm32f4xx_hal_adc.o
 .ARM.attributes
                0x0000041f       0x34 ./Drivers/STM32F4xx_HAL_Driver/Src/stm32f4xx_hal_cortex.o
 .ARM.attributes
                0x00000453       0x34 ./Drivers/STM32F4xx_HAL_Driver/Src/stm32f4xx_hal_dma.o
 .ARM.attributes
                0x00000487       0x34 ./Drivers/STM32F4xx_HAL_Driver/Src/stm32f4xx_hal_gpio.o
 .ARM.attributes
                0x000004bb       0x34 ./Drivers/STM32F4xx_HAL_Driver/Src/stm32f4xx_hal_i2c.o
 .ARM.attributes
                0x000004ef       0x34 ./Drivers/STM32F4xx_HAL_Driver/Src/stm32f4xx_hal_i2s.o
 .ARM.attributes
                0x00000523       0x34 ./Drivers/STM32F4xx_HAL_Driver/Src/stm32f4xx_hal_i2s_ex.o
 .ARM.attributes
                0x00000557       0x34 ./Drivers/STM32F4xx_HAL_Driver/Src/stm32f4xx_hal_rcc.o
 .ARM.attributes
                0x0000058b       0x34 ./Drivers/STM32F4xx_HAL_Driver/Src/stm32f4xx_hal_rcc_ex.o
 .ARM.attributes
                0x000005bf       0x34 ./Drivers/STM32F4xx_HAL_Driver/Src/stm32f4xx_hal_tim.o
 .ARM.attributes
                0x000005f3       0x34 ./Drivers/STM32F4xx_HAL_Driver/Src/stm32f4xx_hal_tim_ex.o
 .ARM.attributes
                0x00000627       0x34 C:/ST/STM32CubeIDE_1.17.0/STM32CubeIDE/plugins/com.st.stm32cube.ide.mcu.externaltools.gnu-tools-for-stm32.12.3.rel1.win32_1.1.0.202410251130/tools/bin/../lib/gcc/arm-none-eabi/12.3.1/../../../../arm-none-eabi/lib/thumb/v7e-m+fp/hard\libc_nano.a(libc_a-memset.o)
 .ARM.attributes
                0x0000065b       0x34 C:/ST/STM32CubeIDE_1.17.0/STM32CubeIDE/plugins/com.st.stm32cube.ide.mcu.externaltools.gnu-tools-for-stm32.12.3.rel1.win32_1.1.0.202410251130/tools/bin/../lib/gcc/arm-none-eabi/12.3.1/../../../../arm-none-eabi/lib/thumb/v7e-m+fp/hard\libc_nano.a(libc_a-init.o)
 .ARM.attributes
                0x0000068f       0x34 C:/ST/STM32CubeIDE_1.17.0/STM32CubeIDE/plugins/com.st.stm32cube.ide.mcu.externaltools.gnu-tools-for-stm32.12.3.rel1.win32_1.1.0.202410251130/tools/bin/../lib/gcc/arm-none-eabi/12.3.1/../../../../arm-none-eabi/lib/thumb/v7e-m+fp/hard\libc_nano.a(libc_a-memcpy-stub.o)
 .ARM.attributes
                0x000006c3       0x22 C:/ST/STM32CubeIDE_1.17.0/STM32CubeIDE/plugins/com.st.stm32cube.ide.mcu.externaltools.gnu-tools-for-stm32.12.3.rel1.win32_1.1.0.202410251130/tools/bin/../lib/gcc/arm-none-eabi/12.3.1/thumb/v7e-m+fp/hard\libgcc.a(_aeabi_uldivmod.o)
 .ARM.attributes
                0x000006e5       0x34 C:/ST/STM32CubeIDE_1.17.0/STM32CubeIDE/plugins/com.st.stm32cube.ide.mcu.externaltools.gnu-tools-for-stm32.12.3.rel1.win32_1.1.0.202410251130/tools/bin/../lib/gcc/arm-none-eabi/12.3.1/thumb/v7e-m+fp/hard\libgcc.a(_udivmoddi4.o)
 .ARM.attributes
                0x00000719       0x22 C:/ST/STM32CubeIDE_1.17.0/STM32CubeIDE/plugins/com.st.stm32cube.ide.mcu.externaltools.gnu-tools-for-stm32.12.3.rel1.win32_1.1.0.202410251130/tools/bin/../lib/gcc/arm-none-eabi/12.3.1/thumb/v7e-m+fp/hard\libgcc.a(_dvmd_tls.o)
 .ARM.attributes
                0x0000073b       0x22 C:/ST/STM32CubeIDE_1.17.0/STM32CubeIDE/plugins/com.st.stm32cube.ide.mcu.externaltools.gnu-tools-for-stm32.12.3.rel1.win32_1.1.0.202410251130/tools/bin/../lib/gcc/arm-none-eabi/12.3.1/thumb/v7e-m+fp/hard/crtn.o
OUTPUT(cmsis_dsp.elf elf32-littlearm)
LOAD linker stubs
LOAD C:/ST/STM32CubeIDE_1.17.0/STM32CubeIDE/plugins/com.st.stm32cube.ide.mcu.externaltools.gnu-tools-for-stm32.12.3.rel1.win32_1.1.0.202410251130/tools/bin/../lib/gcc/arm-none-eabi/12.3.1/../../../../arm-none-eabi/lib/thumb/v7e-m+fp/hard\libc.a
LOAD C:/ST/STM32CubeIDE_1.17.0/STM32CubeIDE/plugins/com.st.stm32cube.ide.mcu.externaltools.gnu-tools-for-stm32.12.3.rel1.win32_1.1.0.202410251130/tools/bin/../lib/gcc/arm-none-eabi/12.3.1/../../../../arm-none-eabi/lib/thumb/v7e-m+fp/hard\libm.a
LOAD C:/ST/STM32CubeIDE_1.17.0/STM32CubeIDE/plugins/com.st.stm32cube.ide.mcu.externaltools.gnu-tools-for-stm32.12.3.rel1.win32_1.1.0.202410251130/tools/bin/../lib/gcc/arm-none-eabi/12.3.1/thumb/v7e-m+fp/hard\libgcc.a

.debug_info     0x00000000    0x14a9f
 .debug_info    0x00000000      0xae1 ./Core/Src/CS43L22.o
 .debug_info    0x00000ae1      0x9d5 ./Core/Src/adc.o
 .debug_info    0x000014b6      0x4c6 ./Core/Src/dma.o
 .debug_info    0x0000197c      0x425 ./Core/Src/gpio.o
 .debug_info    0x00001da1      0x968 ./Core/Src/i2c.o
 .debug_info    0x00002709      0xa64 ./Core/Src/i2s.o
 .debug_info    0x0000316d     0x198e ./Core/Src/main.o
 .debug_info    0x00004afb      0x27c ./Core/Src/stm32f4xx_hal_msp.o
 .debug_info    0x00004d77      0x3c1 ./Core/Src/stm32f4xx_it.o
 .debug_info    0x00005138      0x512 ./Core/Src/system_stm32f4xx.o
 .debug_info    0x0000564a      0x994 ./Core/Src/tim.o
 .debug_info    0x00005fde       0x30 ./Core/Startup/startup_stm32f407vgtx.o
 .debug_info    0x0000600e     0x1366 ./Drivers/DSP/Source/CommonTables/arm_common_tables.o
 .debug_info    0x00007374     0x1267 ./Drivers/DSP/Source/CommonTables/arm_const_structs.o
 .debug_info    0x000085db      0x1a2 ./Drivers/DSP/Source/FilteringFunctions/arm_fir_init_f32.o
 .debug_info    0x0000877d      0x20d ./Drivers/DSP/Source/TransformFunctions/arm_cfft_init_f32.o
 .debug_info    0x0000898a      0x4be ./Drivers/DSP/Source/TransformFunctions/arm_rfft_fast_init_f32.o
 .debug_info    0x00008e48      0x944 ./Drivers/STM32F4xx_HAL_Driver/Src/stm32f4xx_hal.o
 .debug_info    0x0000978c      0xcd4 ./Drivers/STM32F4xx_HAL_Driver/Src/stm32f4xx_hal_adc.o
 .debug_info    0x0000a460      0xd8c ./Drivers/STM32F4xx_HAL_Driver/Src/stm32f4xx_hal_cortex.o
 .debug_info    0x0000b1ec      0x8e7 ./Drivers/STM32F4xx_HAL_Driver/Src/stm32f4xx_hal_dma.o
 .debug_info    0x0000bad3      0x6c3 ./Drivers/STM32F4xx_HAL_Driver/Src/stm32f4xx_hal_gpio.o
 .debug_info    0x0000c196     0x2415 ./Drivers/STM32F4xx_HAL_Driver/Src/stm32f4xx_hal_i2c.o
 .debug_info    0x0000e5ab      0xdf8 ./Drivers/STM32F4xx_HAL_Driver/Src/stm32f4xx_hal_i2s.o
 .debug_info    0x0000f3a3      0xa9f ./Drivers/STM32F4xx_HAL_Driver/Src/stm32f4xx_hal_i2s_ex.o
 .debug_info    0x0000fe42      0x8af ./Drivers/STM32F4xx_HAL_Driver/Src/stm32f4xx_hal_rcc.o
 .debug_info    0x000106f1      0x536 ./Drivers/STM32F4xx_HAL_Driver/Src/stm32f4xx_hal_rcc_ex.o
 .debug_info    0x00010c27     0x299d ./Drivers/STM32F4xx_HAL_Driver/Src/stm32f4xx_hal_tim.o
 .debug_info    0x000135c4     0x14db ./Drivers/STM32F4xx_HAL_Driver/Src/stm32f4xx_hal_tim_ex.o

.debug_abbrev   0x00000000     0x3580
 .debug_abbrev  0x00000000      0x1ef ./Core/Src/CS43L22.o
 .debug_abbrev  0x000001ef      0x205 ./Core/Src/adc.o
 .debug_abbrev  0x000003f4      0x11b ./Core/Src/dma.o
 .debug_abbrev  0x0000050f      0x152 ./Core/Src/gpio.o
 .debug_abbrev  0x00000661      0x1f1 ./Core/Src/i2c.o
 .debug_abbrev  0x00000852      0x202 ./Core/Src/i2s.o
 .debug_abbrev  0x00000a54      0x382 ./Core/Src/main.o
 .debug_abbrev  0x00000dd6       0xf4 ./Core/Src/stm32f4xx_hal_msp.o
 .debug_abbrev  0x00000eca      0x16b ./Core/Src/stm32f4xx_it.o
 .debug_abbrev  0x00001035      0x11a ./Core/Src/system_stm32f4xx.o
 .debug_abbrev  0x0000114f      0x1d8 ./Core/Src/tim.o
 .debug_abbrev  0x00001327       0x24 ./Core/Startup/startup_stm32f407vgtx.o
 .debug_abbrev  0x0000134b       0xc2 ./Drivers/DSP/Source/CommonTables/arm_common_tables.o
 .debug_abbrev  0x0000140d      0x122 ./Drivers/DSP/Source/CommonTables/arm_const_structs.o
 .debug_abbrev  0x0000152f       0xdf ./Drivers/DSP/Source/FilteringFunctions/arm_fir_init_f32.o
 .debug_abbrev  0x0000160e      0x106 ./Drivers/DSP/Source/TransformFunctions/arm_cfft_init_f32.o
 .debug_abbrev  0x00001714      0x1d6 ./Drivers/DSP/Source/TransformFunctions/arm_rfft_fast_init_f32.o
 .debug_abbrev  0x000018ea      0x214 ./Drivers/STM32F4xx_HAL_Driver/Src/stm32f4xx_hal.o
 .debug_abbrev  0x00001afe      0x252 ./Drivers/STM32F4xx_HAL_Driver/Src/stm32f4xx_hal_adc.o
 .debug_abbrev  0x00001d50      0x31d ./Drivers/STM32F4xx_HAL_Driver/Src/stm32f4xx_hal_cortex.o
 .debug_abbrev  0x0000206d      0x264 ./Drivers/STM32F4xx_HAL_Driver/Src/stm32f4xx_hal_dma.o
 .debug_abbrev  0x000022d1      0x1d4 ./Drivers/STM32F4xx_HAL_Driver/Src/stm32f4xx_hal_gpio.o
 .debug_abbrev  0x000024a5      0x2ad ./Drivers/STM32F4xx_HAL_Driver/Src/stm32f4xx_hal_i2c.o
 .debug_abbrev  0x00002752      0x256 ./Drivers/STM32F4xx_HAL_Driver/Src/stm32f4xx_hal_i2s.o
 .debug_abbrev  0x000029a8      0x276 ./Drivers/STM32F4xx_HAL_Driver/Src/stm32f4xx_hal_i2s_ex.o
 .debug_abbrev  0x00002c1e      0x2b7 ./Drivers/STM32F4xx_HAL_Driver/Src/stm32f4xx_hal_rcc.o
 .debug_abbrev  0x00002ed5      0x1b0 ./Drivers/STM32F4xx_HAL_Driver/Src/stm32f4xx_hal_rcc_ex.o
 .debug_abbrev  0x00003085      0x278 ./Drivers/STM32F4xx_HAL_Driver/Src/stm32f4xx_hal_tim.o
 .debug_abbrev  0x000032fd      0x283 ./Drivers/STM32F4xx_HAL_Driver/Src/stm32f4xx_hal_tim_ex.o

.debug_aranges  0x00000000     0x1198
 .debug_aranges
                0x00000000       0x50 ./Core/Src/CS43L22.o
 .debug_aranges
                0x00000050       0x30 ./Core/Src/adc.o
 .debug_aranges
                0x00000080       0x20 ./Core/Src/dma.o
 .debug_aranges
                0x000000a0       0x20 ./Core/Src/gpio.o
 .debug_aranges
                0x000000c0       0x30 ./Core/Src/i2c.o
 .debug_aranges
                0x000000f0       0x30 ./Core/Src/i2s.o
 .debug_aranges
                0x00000120       0x68 ./Core/Src/main.o
 .debug_aranges
                0x00000188       0x20 ./Core/Src/stm32f4xx_hal_msp.o
 .debug_aranges
                0x000001a8       0x70 ./Core/Src/stm32f4xx_it.o
 .debug_aranges
                0x00000218       0x28 ./Core/Src/system_stm32f4xx.o
 .debug_aranges
                0x00000240       0x30 ./Core/Src/tim.o
 .debug_aranges
                0x00000270       0x28 ./Core/Startup/startup_stm32f407vgtx.o
 .debug_aranges
                0x00000298       0x18 ./Drivers/DSP/Source/CommonTables/arm_common_tables.o
 .debug_aranges
                0x000002b0       0x18 ./Drivers/DSP/Source/CommonTables/arm_const_structs.o
 .debug_aranges
                0x000002c8       0x20 ./Drivers/DSP/Source/FilteringFunctions/arm_fir_init_f32.o
 .debug_aranges
                0x000002e8       0x20 ./Drivers/DSP/Source/TransformFunctions/arm_cfft_init_f32.o
 .debug_aranges
                0x00000308       0x60 ./Drivers/DSP/Source/TransformFunctions/arm_rfft_fast_init_f32.o
 .debug_aranges
                0x00000368       0xf0 ./Drivers/STM32F4xx_HAL_Driver/Src/stm32f4xx_hal.o
 .debug_aranges
                0x00000458       0xe8 ./Drivers/STM32F4xx_HAL_Driver/Src/stm32f4xx_hal_adc.o
 .debug_aranges
                0x00000540      0x130 ./Drivers/STM32F4xx_HAL_Driver/Src/stm32f4xx_hal_cortex.o
 .debug_aranges
                0x00000670       0x90 ./Drivers/STM32F4xx_HAL_Driver/Src/stm32f4xx_hal_dma.o
 .debug_aranges
                0x00000700       0x58 ./Drivers/STM32F4xx_HAL_Driver/Src/stm32f4xx_hal_gpio.o
 .debug_aranges
                0x00000758      0x2a8 ./Drivers/STM32F4xx_HAL_Driver/Src/stm32f4xx_hal_i2c.o
 .debug_aranges
                0x00000a00      0x108 ./Drivers/STM32F4xx_HAL_Driver/Src/stm32f4xx_hal_i2s.o
 .debug_aranges
                0x00000b08       0x88 ./Drivers/STM32F4xx_HAL_Driver/Src/stm32f4xx_hal_i2s_ex.o
 .debug_aranges
                0x00000b90       0x88 ./Drivers/STM32F4xx_HAL_Driver/Src/stm32f4xx_hal_rcc.o
 .debug_aranges
                0x00000c18       0x48 ./Drivers/STM32F4xx_HAL_Driver/Src/stm32f4xx_hal_rcc_ex.o
 .debug_aranges
                0x00000c60      0x3d0 ./Drivers/STM32F4xx_HAL_Driver/Src/stm32f4xx_hal_tim.o
 .debug_aranges
                0x00001030      0x168 ./Drivers/STM32F4xx_HAL_Driver/Src/stm32f4xx_hal_tim_ex.o

.debug_rnglists
                0x00000000      0xd6d
 .debug_rnglists
                0x00000000       0x3b ./Core/Src/CS43L22.o
 .debug_rnglists
                0x0000003b       0x21 ./Core/Src/adc.o
 .debug_rnglists
                0x0000005c       0x13 ./Core/Src/dma.o
 .debug_rnglists
                0x0000006f       0x14 ./Core/Src/gpio.o
 .debug_rnglists
                0x00000083       0x20 ./Core/Src/i2c.o
 .debug_rnglists
                0x000000a3       0x20 ./Core/Src/i2s.o
 .debug_rnglists
                0x000000c3       0x4b ./Core/Src/main.o
 .debug_rnglists
                0x0000010e       0x13 ./Core/Src/stm32f4xx_hal_msp.o
 .debug_rnglists
                0x00000121       0x4f ./Core/Src/stm32f4xx_it.o
 .debug_rnglists
                0x00000170       0x1a ./Core/Src/system_stm32f4xx.o
 .debug_rnglists
                0x0000018a       0x20 ./Core/Src/tim.o
 .debug_rnglists
                0x000001aa       0x19 ./Core/Startup/startup_stm32f407vgtx.o
 .debug_rnglists
                0x000001c3       0x13 ./Drivers/DSP/Source/FilteringFunctions/arm_fir_init_f32.o
 .debug_rnglists
                0x000001d6       0x14 ./Drivers/DSP/Source/TransformFunctions/arm_cfft_init_f32.o
 .debug_rnglists
                0x000001ea       0x44 ./Drivers/DSP/Source/TransformFunctions/arm_rfft_fast_init_f32.o
 .debug_rnglists
                0x0000022e       0xaf ./Drivers/STM32F4xx_HAL_Driver/Src/stm32f4xx_hal.o
 .debug_rnglists
                0x000002dd       0xb5 ./Drivers/STM32F4xx_HAL_Driver/Src/stm32f4xx_hal_adc.o
 .debug_rnglists
                0x00000392       0xe0 ./Drivers/STM32F4xx_HAL_Driver/Src/stm32f4xx_hal_cortex.o
 .debug_rnglists
                0x00000472       0x70 ./Drivers/STM32F4xx_HAL_Driver/Src/stm32f4xx_hal_dma.o
 .debug_rnglists
                0x000004e2       0x3f ./Drivers/STM32F4xx_HAL_Driver/Src/stm32f4xx_hal_gpio.o
 .debug_rnglists
                0x00000521      0x23c ./Drivers/STM32F4xx_HAL_Driver/Src/stm32f4xx_hal_i2c.o
 .debug_rnglists
                0x0000075d       0xcc ./Drivers/STM32F4xx_HAL_Driver/Src/stm32f4xx_hal_i2s.o
 .debug_rnglists
                0x00000829       0x6a ./Drivers/STM32F4xx_HAL_Driver/Src/stm32f4xx_hal_i2s_ex.o
 .debug_rnglists
                0x00000893       0x66 ./Drivers/STM32F4xx_HAL_Driver/Src/stm32f4xx_hal_rcc.o
 .debug_rnglists
                0x000008f9       0x35 ./Drivers/STM32F4xx_HAL_Driver/Src/stm32f4xx_hal_rcc_ex.o
 .debug_rnglists
                0x0000092e      0x31a ./Drivers/STM32F4xx_HAL_Driver/Src/stm32f4xx_hal_tim.o
 .debug_rnglists
                0x00000c48      0x125 ./Drivers/STM32F4xx_HAL_Driver/Src/stm32f4xx_hal_tim_ex.o

.debug_macro    0x00000000    0x25175
 .debug_macro   0x00000000      0x228 ./Core/Src/CS43L22.o
 .debug_macro   0x00000228      0xab4 ./Core/Src/CS43L22.o
 .debug_macro   0x00000cdc      0x2a7 ./Core/Src/CS43L22.o
 .debug_macro   0x00000f83       0x2e ./Core/Src/CS43L22.o
 .debug_macro   0x00000fb1       0x2f ./Core/Src/CS43L22.o
 .debug_macro   0x00000fe0       0x22 ./Core/Src/CS43L22.o
 .debug_macro   0x00001002       0x8e ./Core/Src/CS43L22.o
 .debug_macro   0x00001090       0x51 ./Core/Src/CS43L22.o
 .debug_macro   0x000010e1      0x103 ./Core/Src/CS43L22.o
 .debug_macro   0x000011e4       0x6a ./Core/Src/CS43L22.o
 .debug_macro   0x0000124e      0x1df ./Core/Src/CS43L22.o
 .debug_macro   0x0000142d       0x1c ./Core/Src/CS43L22.o
 .debug_macro   0x00001449       0x22 ./Core/Src/CS43L22.o
 .debug_macro   0x0000146b       0xfb ./Core/Src/CS43L22.o
 .debug_macro   0x00001566     0x1011 ./Core/Src/CS43L22.o
 .debug_macro   0x00002577      0x11f ./Core/Src/CS43L22.o
 .debug_macro   0x00002696    0x15e97 ./Core/Src/CS43L22.o
 .debug_macro   0x0001852d       0x6d ./Core/Src/CS43L22.o
 .debug_macro   0x0001859a     0x369a ./Core/Src/CS43L22.o
 .debug_macro   0x0001bc34      0x189 ./Core/Src/CS43L22.o
 .debug_macro   0x0001bdbd       0x5c ./Core/Src/CS43L22.o
 .debug_macro   0x0001be19      0x980 ./Core/Src/CS43L22.o
 .debug_macro   0x0001c799      0x9e9 ./Core/Src/CS43L22.o
 .debug_macro   0x0001d182      0x115 ./Core/Src/CS43L22.o
 .debug_macro   0x0001d297      0x13e ./Core/Src/CS43L22.o
 .debug_macro   0x0001d3d5       0xa5 ./Core/Src/CS43L22.o
 .debug_macro   0x0001d47a      0x174 ./Core/Src/CS43L22.o
 .debug_macro   0x0001d5ee      0x287 ./Core/Src/CS43L22.o
 .debug_macro   0x0001d875       0x5f ./Core/Src/CS43L22.o
 .debug_macro   0x0001d8d4      0x236 ./Core/Src/CS43L22.o
 .debug_macro   0x0001db0a      0xb5b ./Core/Src/CS43L22.o
 .debug_macro   0x0001e665      0x38b ./Core/Src/CS43L22.o
 .debug_macro   0x0001e9f0      0x176 ./Core/Src/CS43L22.o
 .debug_macro   0x0001eb66       0xf9 ./Core/Src/CS43L22.o
 .debug_macro   0x0001ec5f      0x12c ./Core/Src/CS43L22.o
 .debug_macro   0x0001ed8b      0x21e ./Core/Src/CS43L22.o
 .debug_macro   0x0001efa9       0x2e ./Core/Src/CS43L22.o
 .debug_macro   0x0001efd7      0x1b5 ./Core/Src/CS43L22.o
 .debug_macro   0x0001f18c       0xd6 ./Core/Src/CS43L22.o
 .debug_macro   0x0001f262      0x1a7 ./Core/Src/CS43L22.o
 .debug_macro   0x0001f409       0x46 ./Core/Src/CS43L22.o
 .debug_macro   0x0001f44f       0x4a ./Core/Src/CS43L22.o
 .debug_macro   0x0001f499      0x127 ./Core/Src/CS43L22.o
 .debug_macro   0x0001f5c0       0x7e ./Core/Src/CS43L22.o
 .debug_macro   0x0001f63e       0x89 ./Core/Src/CS43L22.o
 .debug_macro   0x0001f6c7      0x8ed ./Core/Src/CS43L22.o
 .debug_macro   0x0001ffb4       0x4d ./Core/Src/CS43L22.o
 .debug_macro   0x00020001      0x12d ./Core/Src/CS43L22.o
 .debug_macro   0x0002012e       0x9a ./Core/Src/CS43L22.o
 .debug_macro   0x000201c8      0x238 ./Core/Src/adc.o
 .debug_macro   0x00020400       0x10 ./Core/Src/adc.o
 .debug_macro   0x00020410      0x238 ./Core/Src/dma.o
 .debug_macro   0x00020648      0x238 ./Core/Src/gpio.o
 .debug_macro   0x00020880      0x238 ./Core/Src/i2c.o
 .debug_macro   0x00020ab8      0x238 ./Core/Src/i2s.o
 .debug_macro   0x00020cf0      0x531 ./Core/Src/main.o
 .debug_macro   0x00021221       0x61 ./Core/Src/main.o
 .debug_macro   0x00021282       0x2a ./Core/Src/main.o
 .debug_macro   0x000212ac       0x43 ./Core/Src/main.o
 .debug_macro   0x000212ef       0x34 ./Core/Src/main.o
 .debug_macro   0x00021323       0x16 ./Core/Src/main.o
 .debug_macro   0x00021339       0x43 ./Core/Src/main.o
 .debug_macro   0x0002137c       0x34 ./Core/Src/main.o
 .debug_macro   0x000213b0       0x10 ./Core/Src/main.o
 .debug_macro   0x000213c0       0x58 ./Core/Src/main.o
 .debug_macro   0x00021418       0x8e ./Core/Src/main.o
 .debug_macro   0x000214a6       0x1c ./Core/Src/main.o
 .debug_macro   0x000214c2      0x177 ./Core/Src/main.o
 .debug_macro   0x00021639      0x369 ./Core/Src/main.o
 .debug_macro   0x000219a2      0x19b ./Core/Src/main.o
 .debug_macro   0x00021b3d       0x16 ./Core/Src/main.o
 .debug_macro   0x00021b53       0x35 ./Core/Src/main.o
 .debug_macro   0x00021b88       0x20 ./Core/Src/main.o
 .debug_macro   0x00021ba8      0x201 ./Core/Src/main.o
 .debug_macro   0x00021da9       0x7c ./Core/Src/main.o
 .debug_macro   0x00021e25       0x17 ./Core/Src/main.o
 .debug_macro   0x00021e3c      0x118 ./Core/Src/main.o
 .debug_macro   0x00021f54       0xb9 ./Core/Src/main.o
 .debug_macro   0x0002200d       0x42 ./Core/Src/main.o
 .debug_macro   0x0002204f       0x35 ./Core/Src/main.o
 .debug_macro   0x00022084       0x1c ./Core/Src/main.o
 .debug_macro   0x000220a0       0x22 ./Core/Src/main.o
 .debug_macro   0x000220c2       0x16 ./Core/Src/main.o
 .debug_macro   0x000220d8       0x10 ./Core/Src/main.o
 .debug_macro   0x000220e8       0x1c ./Core/Src/main.o
 .debug_macro   0x00022104       0x10 ./Core/Src/main.o
 .debug_macro   0x00022114       0x1c ./Core/Src/main.o
 .debug_macro   0x00022130       0x16 ./Core/Src/main.o
 .debug_macro   0x00022146      0x146 ./Core/Src/main.o
 .debug_macro   0x0002228c       0x16 ./Core/Src/main.o
 .debug_macro   0x000222a2       0x16 ./Core/Src/main.o
 .debug_macro   0x000222b8       0x29 ./Core/Src/main.o
 .debug_macro   0x000222e1      0x22e ./Core/Src/stm32f4xx_hal_msp.o
 .debug_macro   0x0002250f      0x238 ./Core/Src/stm32f4xx_it.o
 .debug_macro   0x00022747      0x21f ./Core/Src/system_stm32f4xx.o
 .debug_macro   0x00022966      0x238 ./Core/Src/tim.o
 .debug_macro   0x00022b9e      0x1f7 ./Drivers/DSP/Source/CommonTables/arm_common_tables.o
 .debug_macro   0x00022d95       0x10 ./Drivers/DSP/Source/CommonTables/arm_common_tables.o
 .debug_macro   0x00022da5       0x3b ./Drivers/DSP/Source/CommonTables/arm_common_tables.o
 .debug_macro   0x00022de0       0x1c ./Drivers/DSP/Source/CommonTables/arm_common_tables.o
 .debug_macro   0x00022dfc       0xc7 ./Drivers/DSP/Source/CommonTables/arm_common_tables.o
 .debug_macro   0x00022ec3      0x219 ./Drivers/DSP/Source/CommonTables/arm_const_structs.o
 .debug_macro   0x000230dc      0x207 ./Drivers/DSP/Source/FilteringFunctions/arm_fir_init_f32.o
 .debug_macro   0x000232e3      0x227 ./Drivers/DSP/Source/TransformFunctions/arm_cfft_init_f32.o
 .debug_macro   0x0002350a      0x20f ./Drivers/DSP/Source/TransformFunctions/arm_rfft_fast_init_f32.o
 .debug_macro   0x00023719      0x27f ./Drivers/STM32F4xx_HAL_Driver/Src/stm32f4xx_hal.o
 .debug_macro   0x00023998      0x220 ./Drivers/STM32F4xx_HAL_Driver/Src/stm32f4xx_hal_adc.o
 .debug_macro   0x00023bb8      0x21f ./Drivers/STM32F4xx_HAL_Driver/Src/stm32f4xx_hal_cortex.o
 .debug_macro   0x00023dd7      0x225 ./Drivers/STM32F4xx_HAL_Driver/Src/stm32f4xx_hal_dma.o
 .debug_macro   0x00023ffc      0x225 ./Drivers/STM32F4xx_HAL_Driver/Src/stm32f4xx_hal_gpio.o
 .debug_macro   0x00024221      0x26d ./Drivers/STM32F4xx_HAL_Driver/Src/stm32f4xx_hal_i2c.o
 .debug_macro   0x0002448e      0x227 ./Drivers/STM32F4xx_HAL_Driver/Src/stm32f4xx_hal_i2s.o
 .debug_macro   0x000246b5      0x21f ./Drivers/STM32F4xx_HAL_Driver/Src/stm32f4xx_hal_i2s_ex.o
 .debug_macro   0x000248d4      0x243 ./Drivers/STM32F4xx_HAL_Driver/Src/stm32f4xx_hal_rcc.o
 .debug_macro   0x00024b17      0x21f ./Drivers/STM32F4xx_HAL_Driver/Src/stm32f4xx_hal_rcc_ex.o
 .debug_macro   0x00024d36      0x220 ./Drivers/STM32F4xx_HAL_Driver/Src/stm32f4xx_hal_tim.o
 .debug_macro   0x00024f56      0x21f ./Drivers/STM32F4xx_HAL_Driver/Src/stm32f4xx_hal_tim_ex.o

.debug_line     0x00000000    0x1a75e
 .debug_line    0x00000000      0x9c6 ./Core/Src/CS43L22.o
 .debug_line    0x000009c6      0x887 ./Core/Src/adc.o
 .debug_line    0x0000124d      0x7d6 ./Core/Src/dma.o
 .debug_line    0x00001a23      0x7e8 ./Core/Src/gpio.o
 .debug_line    0x0000220b      0x841 ./Core/Src/i2c.o
 .debug_line    0x00002a4c      0x894 ./Core/Src/i2s.o
 .debug_line    0x000032e0      0xf7e ./Core/Src/main.o
 .debug_line    0x0000425e      0x7d8 ./Core/Src/stm32f4xx_hal_msp.o
 .debug_line    0x00004a36      0x8ca ./Core/Src/stm32f4xx_it.o
 .debug_line    0x00005300      0x85c ./Core/Src/system_stm32f4xx.o
 .debug_line    0x00005b5c      0x842 ./Core/Src/tim.o
 .debug_line    0x0000639e       0x7a ./Core/Startup/startup_stm32f407vgtx.o
 .debug_line    0x00006418      0x789 ./Drivers/DSP/Source/CommonTables/arm_common_tables.o
 .debug_line    0x00006ba1      0x7d5 ./Drivers/DSP/Source/CommonTables/arm_const_structs.o
 .debug_line    0x00007376      0x7cc ./Drivers/DSP/Source/FilteringFunctions/arm_fir_init_f32.o
 .debug_line    0x00007b42      0x81e ./Drivers/DSP/Source/TransformFunctions/arm_cfft_init_f32.o
 .debug_line    0x00008360      0x9b0 ./Drivers/DSP/Source/TransformFunctions/arm_rfft_fast_init_f32.o
 .debug_line    0x00008d10      0xac5 ./Drivers/STM32F4xx_HAL_Driver/Src/stm32f4xx_hal.o
 .debug_line    0x000097d5     0x134d ./Drivers/STM32F4xx_HAL_Driver/Src/stm32f4xx_hal_adc.o
 .debug_line    0x0000ab22      0xdb7 ./Drivers/STM32F4xx_HAL_Driver/Src/stm32f4xx_hal_cortex.o
 .debug_line    0x0000b8d9     0x1035 ./Drivers/STM32F4xx_HAL_Driver/Src/stm32f4xx_hal_dma.o
 .debug_line    0x0000c90e      0xc51 ./Drivers/STM32F4xx_HAL_Driver/Src/stm32f4xx_hal_gpio.o
 .debug_line    0x0000d55f     0x3c0b ./Drivers/STM32F4xx_HAL_Driver/Src/stm32f4xx_hal_i2c.o
 .debug_line    0x0001116a     0x14b9 ./Drivers/STM32F4xx_HAL_Driver/Src/stm32f4xx_hal_i2s.o
 .debug_line    0x00012623     0x14ee ./Drivers/STM32F4xx_HAL_Driver/Src/stm32f4xx_hal_i2s_ex.o
 .debug_line    0x00013b11      0xe50 ./Drivers/STM32F4xx_HAL_Driver/Src/stm32f4xx_hal_rcc.o
 .debug_line    0x00014961      0xad9 ./Drivers/STM32F4xx_HAL_Driver/Src/stm32f4xx_hal_rcc_ex.o
 .debug_line    0x0001543a     0x3869 ./Drivers/STM32F4xx_HAL_Driver/Src/stm32f4xx_hal_tim.o
 .debug_line    0x00018ca3     0x1abb ./Drivers/STM32F4xx_HAL_Driver/Src/stm32f4xx_hal_tim_ex.o

.debug_str      0x00000000    0xdd47a
 .debug_str     0x00000000    0xd1bfd ./Core/Src/CS43L22.o
                              0xd1f0d (size before relaxing)
 .debug_str     0x000d1bfd      0x3c4 ./Core/Src/adc.o
                              0xd1ae9 (size before relaxing)
 .debug_str     0x000d1fc1      0x52c ./Core/Src/dma.o
                              0xd1aa3 (size before relaxing)
 .debug_str     0x000d24ed       0x2c ./Core/Src/gpio.o
                              0xd1651 (size before relaxing)
 .debug_str     0x000d2519       0x69 ./Core/Src/i2c.o
                              0xd1b80 (size before relaxing)
 .debug_str     0x000d2582      0x104 ./Core/Src/i2s.o
                              0xd1b91 (size before relaxing)
 .debug_str     0x000d2686     0x5bfb ./Core/Src/main.o
                              0xd7eee (size before relaxing)
 .debug_str     0x000d8281       0x49 ./Core/Src/stm32f4xx_hal_msp.o
                              0xd15a3 (size before relaxing)
 .debug_str     0x000d82ca      0x10c ./Core/Src/stm32f4xx_it.o
                              0xd17c6 (size before relaxing)
 .debug_str     0x000d83d6       0xdb ./Core/Src/system_stm32f4xx.o
                              0xd15fb (size before relaxing)
 .debug_str     0x000d84b1      0x12d ./Core/Src/tim.o
                              0xd1c27 (size before relaxing)
 .debug_str     0x000d85de       0x44 ./Core/Startup/startup_stm32f407vgtx.o
                                 0x98 (size before relaxing)
 .debug_str     0x000d8622      0xf9d ./Drivers/DSP/Source/CommonTables/arm_common_tables.o
                               0xa749 (size before relaxing)
 .debug_str     0x000d95bf      0x7d9 ./Drivers/DSP/Source/CommonTables/arm_const_structs.o
                               0xad9c (size before relaxing)
 .debug_str     0x000d9d98       0x4d ./Drivers/DSP/Source/FilteringFunctions/arm_fir_init_f32.o
                               0x9889 (size before relaxing)
 .debug_str     0x000d9de5      0x11c ./Drivers/DSP/Source/TransformFunctions/arm_cfft_init_f32.o
                               0xa0d0 (size before relaxing)
 .debug_str     0x000d9f01      0x12d ./Drivers/DSP/Source/TransformFunctions/arm_rfft_fast_init_f32.o
                               0xa106 (size before relaxing)
 .debug_str     0x000da02e      0x5fa ./Drivers/STM32F4xx_HAL_Driver/Src/stm32f4xx_hal.o
                              0xd217f (size before relaxing)
 .debug_str     0x000da628      0x283 ./Drivers/STM32F4xx_HAL_Driver/Src/stm32f4xx_hal_adc.o
                              0xd1be8 (size before relaxing)
 .debug_str     0x000da8ab      0x375 ./Drivers/STM32F4xx_HAL_Driver/Src/stm32f4xx_hal_cortex.o
                              0xd1efb (size before relaxing)
 .debug_str     0x000dac20      0x2cf ./Drivers/STM32F4xx_HAL_Driver/Src/stm32f4xx_hal_dma.o
                              0xd1a15 (size before relaxing)
 .debug_str     0x000daeef      0x121 ./Drivers/STM32F4xx_HAL_Driver/Src/stm32f4xx_hal_gpio.o
                              0xd1776 (size before relaxing)
 .debug_str     0x000db010      0xadf ./Drivers/STM32F4xx_HAL_Driver/Src/stm32f4xx_hal_i2c.o
                              0xd2619 (size before relaxing)
 .debug_str     0x000dbaef      0x263 ./Drivers/STM32F4xx_HAL_Driver/Src/stm32f4xx_hal_i2s.o
                              0xd1bec (size before relaxing)
 .debug_str     0x000dbd52      0x1d1 ./Drivers/STM32F4xx_HAL_Driver/Src/stm32f4xx_hal_i2s_ex.o
                              0xd1ae7 (size before relaxing)
 .debug_str     0x000dbf23      0x208 ./Drivers/STM32F4xx_HAL_Driver/Src/stm32f4xx_hal_rcc.o
                              0xd1a2f (size before relaxing)
 .debug_str     0x000dc12b       0xde ./Drivers/STM32F4xx_HAL_Driver/Src/stm32f4xx_hal_rcc_ex.o
                              0xd174d (size before relaxing)
 .debug_str     0x000dc209      0xdde ./Drivers/STM32F4xx_HAL_Driver/Src/stm32f4xx_hal_tim.o
                              0xd2985 (size before relaxing)
 .debug_str     0x000dcfe7      0x493 ./Drivers/STM32F4xx_HAL_Driver/Src/stm32f4xx_hal_tim_ex.o
                              0xd2191 (size before relaxing)

.comment        0x00000000       0x43
 .comment       0x00000000       0x43 ./Core/Src/CS43L22.o
                                 0x44 (size before relaxing)
 .comment       0x00000043       0x44 ./Core/Src/adc.o
 .comment       0x00000043       0x44 ./Core/Src/dma.o
 .comment       0x00000043       0x44 ./Core/Src/gpio.o
 .comment       0x00000043       0x44 ./Core/Src/i2c.o
 .comment       0x00000043       0x44 ./Core/Src/i2s.o
 .comment       0x00000043       0x44 ./Core/Src/main.o
 .comment       0x00000043       0x44 ./Core/Src/stm32f4xx_hal_msp.o
 .comment       0x00000043       0x44 ./Core/Src/stm32f4xx_it.o
 .comment       0x00000043       0x44 ./Core/Src/system_stm32f4xx.o
 .comment       0x00000043       0x44 ./Core/Src/tim.o
 .comment       0x00000043       0x44 ./Drivers/DSP/Source/CommonTables/arm_common_tables.o
 .comment       0x00000043       0x44 ./Drivers/DSP/Source/CommonTables/arm_const_structs.o
 .comment       0x00000043       0x44 ./Drivers/DSP/Source/FilteringFunctions/arm_fir_init_f32.o
 .comment       0x00000043       0x44 ./Drivers/DSP/Source/TransformFunctions/arm_cfft_init_f32.o
 .comment       0x00000043       0x44 ./Drivers/DSP/Source/TransformFunctions/arm_rfft_fast_init_f32.o
 .comment       0x00000043       0x44 ./Drivers/STM32F4xx_HAL_Driver/Src/stm32f4xx_hal.o
 .comment       0x00000043       0x44 ./Drivers/STM32F4xx_HAL_Driver/Src/stm32f4xx_hal_adc.o
 .comment       0x00000043       0x44 ./Drivers/STM32F4xx_HAL_Driver/Src/stm32f4xx_hal_cortex.o
 .comment       0x00000043       0x44 ./Drivers/STM32F4xx_HAL_Driver/Src/stm32f4xx_hal_dma.o
 .comment       0x00000043       0x44 ./Drivers/STM32F4xx_HAL_Driver/Src/stm32f4xx_hal_gpio.o
 .comment       0x00000043       0x44 ./Drivers/STM32F4xx_HAL_Driver/Src/stm32f4xx_hal_i2c.o
 .comment       0x00000043       0x44 ./Drivers/STM32F4xx_HAL_Driver/Src/stm32f4xx_hal_i2s.o
 .comment       0x00000043       0x44 ./Drivers/STM32F4xx_HAL_Driver/Src/stm32f4xx_hal_i2s_ex.o
 .comment       0x00000043       0x44 ./Drivers/STM32F4xx_HAL_Driver/Src/stm32f4xx_hal_rcc.o
 .comment       0x00000043       0x44 ./Drivers/STM32F4xx_HAL_Driver/Src/stm32f4xx_hal_rcc_ex.o
 .comment       0x00000043       0x44 ./Drivers/STM32F4xx_HAL_Driver/Src/stm32f4xx_hal_tim.o
 .comment       0x00000043       0x44 ./Drivers/STM32F4xx_HAL_Driver/Src/stm32f4xx_hal_tim_ex.o

.debug_frame    0x00000000     0x4748
 .debug_frame   0x00000000      0x104 ./Core/Src/CS43L22.o
 .debug_frame   0x00000104       0x7c ./Core/Src/adc.o
 .debug_frame   0x00000180       0x34 ./Core/Src/dma.o
 .debug_frame   0x000001b4       0x34 ./Core/Src/gpio.o
 .debug_frame   0x000001e8       0x74 ./Core/Src/i2c.o
 .debug_frame   0x0000025c       0x74 ./Core/Src/i2s.o
 .debug_frame   0x000002d0      0x180 ./Core/Src/main.o
 .debug_frame   0x00000450       0x34 ./Core/Src/stm32f4xx_hal_msp.o
 .debug_frame   0x00000484      0x13c ./Core/Src/stm32f4xx_it.o
 .debug_frame   0x000005c0       0x58 ./Core/Src/system_stm32f4xx.o
 .debug_frame   0x00000618       0x84 ./Core/Src/tim.o
 .debug_frame   0x0000069c       0x34 ./Drivers/DSP/Source/FilteringFunctions/arm_fir_init_f32.o
 .debug_frame   0x000006d0       0x38 ./Drivers/DSP/Source/TransformFunctions/arm_cfft_init_f32.o
 .debug_frame   0x00000708      0x154 ./Drivers/DSP/Source/TransformFunctions/arm_rfft_fast_init_f32.o
 .debug_frame   0x0000085c      0x374 ./Drivers/STM32F4xx_HAL_Driver/Src/stm32f4xx_hal.o
 .debug_frame   0x00000bd0      0x3fc ./Drivers/STM32F4xx_HAL_Driver/Src/stm32f4xx_hal_adc.o
 .debug_frame   0x00000fcc      0x508 ./Drivers/STM32F4xx_HAL_Driver/Src/stm32f4xx_hal_cortex.o
 .debug_frame   0x000014d4      0x250 ./Drivers/STM32F4xx_HAL_Driver/Src/stm32f4xx_hal_dma.o
 .debug_frame   0x00001724      0x14c ./Drivers/STM32F4xx_HAL_Driver/Src/stm32f4xx_hal_gpio.o
 .debug_frame   0x00001870      0xc84 ./Drivers/STM32F4xx_HAL_Driver/Src/stm32f4xx_hal_i2c.o
 .debug_frame   0x000024f4      0x484 ./Drivers/STM32F4xx_HAL_Driver/Src/stm32f4xx_hal_i2s.o
 .debug_frame   0x00002978      0x220 ./Drivers/STM32F4xx_HAL_Driver/Src/stm32f4xx_hal_i2s_ex.o
 .debug_frame   0x00002b98      0x1f4 ./Drivers/STM32F4xx_HAL_Driver/Src/stm32f4xx_hal_rcc.o
 .debug_frame   0x00002d8c       0xf0 ./Drivers/STM32F4xx_HAL_Driver/Src/stm32f4xx_hal_rcc_ex.o
 .debug_frame   0x00002e7c     0x11c0 ./Drivers/STM32F4xx_HAL_Driver/Src/stm32f4xx_hal_tim.o
 .debug_frame   0x0000403c      0x638 ./Drivers/STM32F4xx_HAL_Driver/Src/stm32f4xx_hal_tim_ex.o
 .debug_frame   0x00004674       0x20 C:/ST/STM32CubeIDE_1.17.0/STM32CubeIDE/plugins/com.st.stm32cube.ide.mcu.externaltools.gnu-tools-for-stm32.12.3.rel1.win32_1.1.0.202410251130/tools/bin/../lib/gcc/arm-none-eabi/12.3.1/../../../../arm-none-eabi/lib/thumb/v7e-m+fp/hard\libc_nano.a(libc_a-memset.o)
 .debug_frame   0x00004694       0x2c C:/ST/STM32CubeIDE_1.17.0/STM32CubeIDE/plugins/com.st.stm32cube.ide.mcu.externaltools.gnu-tools-for-stm32.12.3.rel1.win32_1.1.0.202410251130/tools/bin/../lib/gcc/arm-none-eabi/12.3.1/../../../../arm-none-eabi/lib/thumb/v7e-m+fp/hard\libc_nano.a(libc_a-init.o)
 .debug_frame   0x000046c0       0x28 C:/ST/STM32CubeIDE_1.17.0/STM32CubeIDE/plugins/com.st.stm32cube.ide.mcu.externaltools.gnu-tools-for-stm32.12.3.rel1.win32_1.1.0.202410251130/tools/bin/../lib/gcc/arm-none-eabi/12.3.1/../../../../arm-none-eabi/lib/thumb/v7e-m+fp/hard\libc_nano.a(libc_a-memcpy-stub.o)
 .debug_frame   0x000046e8       0x2c C:/ST/STM32CubeIDE_1.17.0/STM32CubeIDE/plugins/com.st.stm32cube.ide.mcu.externaltools.gnu-tools-for-stm32.12.3.rel1.win32_1.1.0.202410251130/tools/bin/../lib/gcc/arm-none-eabi/12.3.1/thumb/v7e-m+fp/hard\libgcc.a(_aeabi_uldivmod.o)
 .debug_frame   0x00004714       0x34 C:/ST/STM32CubeIDE_1.17.0/STM32CubeIDE/plugins/com.st.stm32cube.ide.mcu.externaltools.gnu-tools-for-stm32.12.3.rel1.win32_1.1.0.202410251130/tools/bin/../lib/gcc/arm-none-eabi/12.3.1/thumb/v7e-m+fp/hard\libgcc.a(_udivmoddi4.o)

.debug_line_str
                0x00000000       0x7c
 .debug_line_str
                0x00000000       0x7c ./Core/Startup/startup_stm32f407vgtx.o
